 modbus

 Timestamp is 62e25787 (Thu Jul 28 17:31:51 2022)

 Preferred load address is 10000000

 Start         Length     Name                   Class
 0001:00000000 00052b92H .text$mn                CODE
 0001:00052ba0 00000133H .text$x                 CODE
 0002:00000000 000001c4H .idata$5                DATA
 0002:000001c4 00000004H .CRT$XCA                DATA
 0002:000001c8 00000004H .CRT$XCZ                DATA
 0002:000001cc 00000004H .CRT$XIA                DATA
 0002:000001d0 00000010H .CRT$XIC                DATA
 0002:000001e0 00000004H .CRT$XIZ                DATA
 0002:000001e4 00000004H .CRT$XPA                DATA
 0002:000001e8 00000008H .CRT$XPX                DATA
 0002:000001f0 00000004H .CRT$XPXA               DATA
 0002:000001f4 00000004H .CRT$XPZ                DATA
 0002:000001f8 00000004H .CRT$XTA                DATA
 0002:000001fc 00000004H .CRT$XTZ                DATA
 0002:00000200 00010148H .rdata                  DATA
 0002:00010348 0000006cH .rdata$debug            DATA
 0002:000103b4 00000388H .rdata$r                DATA
 0002:00010740 00000030H .rdata$sxdata           DATA
 0002:00010770 00000004H .rtc$IAA                DATA
 0002:00010774 00000010H .rtc$IMZ                DATA
 0002:00010784 00000004H .rtc$IZZ                DATA
 0002:00010788 00000004H .rtc$TAA                DATA
 0002:0001078c 00000010H .rtc$TMZ                DATA
 0002:0001079c 00000004H .rtc$TZZ                DATA
 0002:000107a0 00000b6cH .xdata$x                DATA
 0002:00011310 00000818H .edata                  DATA
 0002:00011b28 00000028H .idata$2                DATA
 0002:00011b50 00000014H .idata$3                DATA
 0002:00011b64 000001c4H .idata$4                DATA
 0002:00011d28 000006a2H .idata$6                DATA
 0003:00000000 00001fd8H .data                   DATA
 0003:00001fd8 0000014fH .data$r                 DATA
 0003:00002140 000023a8H .bss                    DATA
 0004:00000000 000000a0H .rsrc$01                DATA
 0004:000000a0 000003f0H .rsrc$02                DATA

  Address         Publics by Value              Rva+Base       Lib:Object

 0000:00000000       ___guard_fids_count        00000000     <absolute>
 0000:00000000       __except_list              00000000     <absolute>
 0000:00000000       ___guard_flags             00000000     <absolute>
 0000:00000000       ___guard_fids_table        00000000     <absolute>
 0000:0000000c       ___safe_se_handler_count   0000000c     <absolute>
 0000:00000000       ___ImageBase               10000000     <linker-defined>
 0001:00000000       _modbus_set_bits_from_byte 10001000 f   modbus-data.obj
 0001:00000060       _modbus_set_bits_from_bytes 10001060 f   modbus-data.obj
 0001:000000f0       _modbus_get_byte_from_bits 100010f0 f   modbus-data.obj
 0001:00000160       _modbus_get_float          10001160 f   modbus-data.obj
 0001:000001a0       _modbus_get_float_abcd     100011a0 f   modbus-data.obj
 0001:00000240       _modbus_get_float_dcba     10001240 f   modbus-data.obj
 0001:000002e0       _modbus_get_float_badc     100012e0 f   modbus-data.obj
 0001:00000380       _modbus_get_float_cdab     10001380 f   modbus-data.obj
 0001:00000420       _modbus_set_float          10001420 f   modbus-data.obj
 0001:00000460       _modbus_set_float_abcd     10001460 f   modbus-data.obj
 0001:00000500       _modbus_set_float_dcba     10001500 f   modbus-data.obj
 0001:000005a0       _modbus_set_float_badc     100015a0 f   modbus-data.obj
 0001:00000640       _modbus_set_float_cdab     10001640 f   modbus-data.obj
 0001:000006e0       _modbus_new_rtu            100016e0 f   modbus-rtu.obj
 0001:000008e0       _modbus_rtu_set_serial_mode 100018e0 f   modbus-rtu.obj
 0001:00000950       _modbus_rtu_get_serial_mode 10001950 f   modbus-rtu.obj
 0001:000009c0       _modbus_rtu_set_rts        100019c0 f   modbus-rtu.obj
 0001:00000a30       _modbus_rtu_get_rts        10001a30 f   modbus-rtu.obj
 0001:00000aa0       _modbus_rtu_set_custom_rts 10001aa0 f   modbus-rtu.obj
 0001:00000b10       _modbus_rtu_set_rts_delay  10001b10 f   modbus-rtu.obj
 0001:00000b90       _modbus_rtu_get_rts_delay  10001b90 f   modbus-rtu.obj
 0001:000018b0       _modbus_new_tcp            100028b0 f   modbus-tcp.obj
 0001:00001a00       _modbus_tcp_listen         10002a00 f   modbus-tcp.obj
 0001:00001b60       _modbus_tcp_accept         10002b60 f   modbus-tcp.obj
 0001:00001bf0       _modbus_new_tcp_pi         10002bf0 f   modbus-tcp.obj
 0001:00001e50       _modbus_tcp_pi_listen      10002e50 f   modbus-tcp.obj
 0001:00002100       _modbus_tcp_pi_accept      10003100 f   modbus-tcp.obj
 0001:00002dc0       _gai_strerrorA             10003dc0 f i modbus-tcp.obj
 0001:00002e00       _modbus_set_slave          10003e00 f   modbus.obj
 0001:00002e40       _modbus_get_slave          10003e40 f   modbus.obj
 0001:00002e60       _modbus_set_error_recovery 10003e60 f   modbus.obj
 0001:00002e90       _modbus_set_socket         10003e90 f   modbus.obj
 0001:00002ec0       _modbus_get_socket         10003ec0 f   modbus.obj
 0001:00002ef0       _modbus_get_response_timeout 10003ef0 f   modbus.obj
 0001:00002f30       _modbus_set_response_timeout 10003f30 f   modbus.obj
 0001:00002f80       _modbus_get_byte_timeout   10003f80 f   modbus.obj
 0001:00002fc0       _modbus_set_byte_timeout   10003fc0 f   modbus.obj
 0001:00003000       _modbus_get_indication_timeout 10004000 f   modbus.obj
 0001:00003040       _modbus_set_indication_timeout 10004040 f   modbus.obj
 0001:00003080       _modbus_get_header_length  10004080 f   modbus.obj
 0001:000030b0       _modbus_connect            100040b0 f   modbus.obj
 0001:000030e0       _modbus_close              100040e0 f   modbus.obj
 0001:00003100       _modbus_free               10004100 f   modbus.obj
 0001:00003120       _modbus_flush              10004120 f   modbus.obj
 0001:00003180       _modbus_set_debug          10004180 f   modbus.obj
 0001:000031b0       _modbus_strerror           100041b0 f   modbus.obj
 0001:000032a0       _modbus_read_bits          100042a0 f   modbus.obj
 0001:00003340       _modbus_read_input_bits    10004340 f   modbus.obj
 0001:000033e0       _modbus_read_registers     100043e0 f   modbus.obj
 0001:00003460       _modbus_read_input_registers 10004460 f   modbus.obj
 0001:000034e0       _modbus_write_bit          100044e0 f   modbus.obj
 0001:00003530       _modbus_write_register     10004530 f   modbus.obj
 0001:00003570       _modbus_write_bits         10004570 f   modbus.obj
 0001:00003880       _modbus_write_registers    10004880 f   modbus.obj
 0001:00003a60       _modbus_mask_write_register 10004a60 f   modbus.obj
 0001:00003bc0       _modbus_write_and_read_registers 10004bc0 f   modbus.obj
 0001:00003f00       _modbus_report_slave_id    10004f00 f   modbus.obj
 0001:00004070       _modbus_mapping_new_start_address 10005070 f   modbus.obj
 0001:00004290       _modbus_mapping_new        10005290 f   modbus.obj
 0001:000042c0       _modbus_mapping_free       100052c0 f   modbus.obj
 0001:00004320       _modbus_send_raw_request   10005320 f   modbus.obj
 0001:00004430       _modbus_receive            10005430 f   modbus.obj
 0001:00004470       _modbus_receive_confirmation 10005470 f   modbus.obj
 0001:000044a0       _modbus_reply              100054a0 f   modbus.obj
 0001:000056f0       _modbus_reply_exception    100066f0 f   modbus.obj
 0001:00005820       __modbus_init_common       10006820 f   modbus.obj
 0001:00005890       __error_print              10006890 f   modbus.obj
 0001:00005910       __modbus_receive_msg       10006910 f   modbus.obj
 0001:00005dc0       _strlcpy                   10006dc0 f   modbus.obj
 0001:00006d0c       _accept@12                 10007d0c f   ws2_32:WS2_32.dll
 0001:00006d12       _bind@12                   10007d12 f   ws2_32:WS2_32.dll
 0001:00006d18       _closesocket@4             10007d18 f   ws2_32:WS2_32.dll
 0001:00006d1e       _connect@12                10007d1e f   ws2_32:WS2_32.dll
 0001:00006d24       _ioctlsocket@12            10007d24 f   ws2_32:WS2_32.dll
 0001:00006d2a       _getsockopt@20             10007d2a f   ws2_32:WS2_32.dll
 0001:00006d30       _htonl@4                   10007d30 f   ws2_32:WS2_32.dll
 0001:00006d36       _htons@4                   10007d36 f   ws2_32:WS2_32.dll
 0001:00006d3c       _inet_addr@4               10007d3c f   ws2_32:WS2_32.dll
 0001:00006d42       _inet_ntoa@4               10007d42 f   ws2_32:WS2_32.dll
 0001:00006d48       _listen@8                  10007d48 f   ws2_32:WS2_32.dll
 0001:00006d4e       _recv@16                   10007d4e f   ws2_32:WS2_32.dll
 0001:00006d54       _select@20                 10007d54 f   ws2_32:WS2_32.dll
 0001:00006d5a       _send@16                   10007d5a f   ws2_32:WS2_32.dll
 0001:00006d60       _setsockopt@20             10007d60 f   ws2_32:WS2_32.dll
 0001:00006d66       _shutdown@8                10007d66 f   ws2_32:WS2_32.dll
 0001:00006d6c       _socket@12                 10007d6c f   ws2_32:WS2_32.dll
 0001:00006d72       _WSAStartup@8              10007d72 f   ws2_32:WS2_32.dll
 0001:00006d78       _WSAGetLastError@0         10007d78 f   ws2_32:WS2_32.dll
 0001:00006d7e       _getaddrinfo@16            10007d7e f   ws2_32:WS2_32.dll
 0001:00006d84       _freeaddrinfo@4            10007d84 f   ws2_32:WS2_32.dll
 0001:00006d8a       _CreateFileA@28            10007d8a f   kernel32:KERNEL32.dll
 0001:00006d90       _ReadFile@20               10007d90 f   kernel32:KERNEL32.dll
 0001:00006d96       _WriteFile@20              10007d96 f   kernel32:KERNEL32.dll
 0001:00006d9c       _CloseHandle@4             10007d9c f   kernel32:KERNEL32.dll
 0001:00006da2       _GetLastError@0            10007da2 f   kernel32:KERNEL32.dll
 0001:00006da8       _GetCommState@8            10007da8 f   kernel32:KERNEL32.dll
 0001:00006dae       _PurgeComm@8               10007dae f   kernel32:KERNEL32.dll
 0001:00006db4       _SetCommState@8            10007db4 f   kernel32:KERNEL32.dll
 0001:00006dba       _SetCommTimeouts@8         10007dba f   kernel32:KERNEL32.dll
 0001:00006dc0       _FormatMessageA@28         10007dc0 f   kernel32:KERNEL32.dll
 0001:00006dc6       _Sleep@4                   10007dc6 f   kernel32:KERNEL32.dll
 0001:00006dd0       __invoke_watson_if_error   10007dd0 f i LIBCMTD:wassert.obj
 0001:00006e00       __wassert                  10007e00 f   LIBCMTD:wassert.obj
 0001:00007a40       __RTC_InitBase             10008a40 f   LIBCMTD:init.obj
 0001:00007a70       __RTC_Shutdown             10008a70 f   LIBCMTD:init.obj
 0001:00007a90       __fpmath                   10008a90 f   LIBCMTD:fpinit.obj
 0001:00007ab0       ___setfflag                10008ab0 f   LIBCMTD:fpinit.obj
 0001:00007ad0       __cfltcvt_init             10008ad0 f   LIBCMTD:fpinit.obj
 0001:00007b90       ___initstdio               10008b90 f   LIBCMTD:_file.obj
 0001:00007c60       ___endstdio                10008c60 f   LIBCMTD:_file.obj
 0001:00007ca0       ___iob_func                10008ca0 f   LIBCMTD:_file.obj
 0001:00007cb0       __lock_file                10008cb0 f   LIBCMTD:_file.obj
 0001:00007d10       __lock_file2               10008d10 f   LIBCMTD:_file.obj
 0001:00007d50       __unlock_file              10008d50 f   LIBCMTD:_file.obj
 0001:00007db0       __unlock_file2             10008db0 f   LIBCMTD:_file.obj
 0001:00007df0       __fprintf_l                10008df0 f   LIBCMTD:fprintf.obj
 0001:00007e20       __fprintf_p                10008e20 f   LIBCMTD:fprintf.obj
 0001:00007e50       __fprintf_p_l              10008e50 f   LIBCMTD:fprintf.obj
 0001:00007e80       __fprintf_s_l              10008e80 f   LIBCMTD:fprintf.obj
 0001:00007eb0       _fprintf                   10008eb0 f   LIBCMTD:fprintf.obj
 0001:00008180       _fprintf_s                 10009180 f   LIBCMTD:fprintf.obj
 0001:000081b0       __get_printf_count_output  100091b0 f   LIBCMTD:printf.obj
 0001:000081e0       __printf_l                 100091e0 f   LIBCMTD:printf.obj
 0001:00008210       __printf_p                 10009210 f   LIBCMTD:printf.obj
 0001:00008230       __printf_p_l               10009230 f   LIBCMTD:printf.obj
 0001:00008260       __printf_s_l               10009260 f   LIBCMTD:printf.obj
 0001:00008290       __set_printf_count_output  10009290 f   LIBCMTD:printf.obj
 0001:000082f0       _printf                    100092f0 f   LIBCMTD:printf.obj
 0001:00008470       _printf_s                  10009470 f   LIBCMTD:printf.obj
 0001:00008490       ___doserrno                10009490 f   LIBCMTD:dosmap.obj
 0001:000084c0       __dosmaperr                100094c0 f   LIBCMTD:dosmap.obj
 0001:000084f0       __errno                    100094f0 f   LIBCMTD:dosmap.obj
 0001:00008520       __get_doserrno             10009520 f   LIBCMTD:dosmap.obj
 0001:000085b0       __get_errno                100095b0 f   LIBCMTD:dosmap.obj
 0001:00008640       __get_errno_from_oserr     10009640 f   LIBCMTD:dosmap.obj
 0001:000086c0       __set_doserrno             100096c0 f   LIBCMTD:dosmap.obj
 0001:000086f0       __set_errno                100096f0 f   LIBCMTD:dosmap.obj
 0001:00008720       _free                      10009720 f   LIBCMTD:dbgfree.obj
 0001:00008740       _malloc                    10009740 f   LIBCMTD:dbgmalloc.obj
 0001:00008770       @__security_check_cookie@4 10009770 f   LIBCMTD:secchk.obj
 0001:00008780       _memcpy                    10009780 f   LIBCMTD:memcpy.obj
 0001:00008dd0       _memset                    10009dd0 f   LIBCMTD:memset.obj
 0001:00008e60       __get_sys_err_msg          10009e60 f i LIBCMTD:perror.obj
 0001:00008ea0       _perror                    10009ea0 f   LIBCMTD:perror.obj
 0001:000090f0       ?_RTC_AllocaFailure@@YAXPAXPAU_RTC_ALLOCA_NODE@@H@Z 1000a0f0 f   LIBCMTD:error.obj
 0001:00009270       ?_RTC_Failure@@YAXPAXH@Z   1000a270 f   LIBCMTD:error.obj
 0001:000092c0       ?_RTC_StackFailure@@YAXPAXPBD@Z 1000a2c0 f   LIBCMTD:error.obj
 0001:00009640       __RTC_UninitUse            1000a640 f   LIBCMTD:error.obj
 0001:00009730       ___raise_securityfailure   1000a730 f   LIBCMTD:gs_report.obj
 0001:00009780       ___report_gsfailure        1000a780 f   LIBCMTD:gs_report.obj
 0001:00009890       ___report_rangecheckfailure 1000a890 f   LIBCMTD:gs_report.obj
 0001:000098a0       ___report_securityfailure  1000a8a0 f   LIBCMTD:gs_report.obj
 0001:00009980       ___report_securityfailureEx 1000a980 f   LIBCMTD:gs_report.obj
 0001:00009ab0       __vfprintf_l               1000aab0 f   LIBCMTD:vfprintf.obj
 0001:00009ae0       __vfprintf_p               1000aae0 f   LIBCMTD:vfprintf.obj
 0001:00009b00       __vfprintf_p_l             1000ab00 f   LIBCMTD:vfprintf.obj
 0001:00009b30       __vfprintf_s_l             1000ab30 f   LIBCMTD:vfprintf.obj
 0001:00009b60       _vfprintf                  1000ab60 f   LIBCMTD:vfprintf.obj
 0001:00009b80       _vfprintf_helper           1000ab80 f   LIBCMTD:vfprintf.obj
 0001:00009e50       _vfprintf_s                1000ae50 f   LIBCMTD:vfprintf.obj
 0001:00009e70       _strerror                  1000ae70 f   LIBCMTD:strerror.obj
 0001:00009f20       _strerror_s                1000af20 f   LIBCMTD:strerror.obj
 0001:0000a070       __CRT_INIT@12              1000b070 f   LIBCMTD:dllcrt0.obj
 0001:0000a2c0       __DllMainCRTStartup@12     1000b2c0 f   LIBCMTD:dllcrt0.obj
 0001:0000a4b0       ___DllXcptFilter           1000b4b0 f   LIBCMTD:dllcrt0.obj
 0001:0000a4e0       ?_invalid_parameter@@YAXPBG00II@Z 1000b4e0 f   LIBCMTD:invarg.obj
 0001:0000a510       ?_invoke_watson@@YAXPBG00II@Z 1000b510 f   LIBCMTD:invarg.obj
 0001:0000a530       __call_reportfault         1000b530 f   LIBCMTD:invarg.obj
 0001:0000a690       __get_invalid_parameter_handler 1000b690 f   LIBCMTD:invarg.obj
 0001:0000a6c0       __initp_misc_invarg        1000b6c0 f   LIBCMTD:invarg.obj
 0001:0000a6d0       __invalid_parameter        1000b6d0 f   LIBCMTD:invarg.obj
 0001:0000a730       __invoke_watson            1000b730 f   LIBCMTD:invarg.obj
 0001:0000a770       __set_invalid_parameter_handler 1000b770 f   LIBCMTD:invarg.obj
 0001:0000a7b0       _memcpy_s                  1000b7b0 f   LIBCMTD:memcpy_s.obj
 0001:0000a980       _wcscat_s                  1000b980 f   LIBCMTD:wcscat_s.obj
 0001:0000ada0       _wcscpy_s                  1000bda0 f   LIBCMTD:wcscpy_s.obj
 0001:0000b0b0       _wcslen                    1000c0b0 f   LIBCMTD:wcslen.obj
 0001:0000b0f0       _wcsncat_s                 1000c0f0 f   LIBCMTD:wcsncat_s.obj
 0001:0000b5e0       ___copy_path_to_wide_string 1000c5e0 f   LIBCMTD:crt0dat.obj
 0001:0000b7d0       ___copy_to_char            1000c7d0 f   LIBCMTD:crt0dat.obj
 0001:0000b9c0       ___crtCorExitProcess       1000c9c0 f   LIBCMTD:crt0dat.obj
 0001:0000ba00       ___crtExitProcess          1000ca00 f   LIBCMTD:crt0dat.obj
 0001:0000ba20       ___freeCrtMemory           1000ca20 f   LIBCMTD:crt0dat.obj
 0001:0000bbf0       __amsg_exit                1000cbf0 f   LIBCMTD:crt0dat.obj
 0001:0000bc10       __c_exit                   1000cc10 f   LIBCMTD:crt0dat.obj
 0001:0000bc30       __cexit                    1000cc30 f   LIBCMTD:crt0dat.obj
 0001:0000bc50       __cinit                    1000cc50 f   LIBCMTD:crt0dat.obj
 0001:0000bcf0       __exit                     1000ccf0 f   LIBCMTD:crt0dat.obj
 0001:0000bd10       __exit_app                 1000cd10 f   LIBCMTD:crt0dat.obj
 0001:0000bd30       __get_pgmptr               1000cd30 f   LIBCMTD:crt0dat.obj
 0001:0000be50       __get_wpgmptr              1000ce50 f   LIBCMTD:crt0dat.obj
 0001:0000bf70       __init_pointers            1000cf70 f   LIBCMTD:crt0dat.obj
 0001:0000c000       __initterm_e               1000d000 f   LIBCMTD:crt0dat.obj
 0001:0000c040       __lockexit                 1000d040 f   LIBCMTD:crt0dat.obj
 0001:0000c050       __unlockexit               1000d050 f   LIBCMTD:crt0dat.obj
 0001:0000c250       _exit                      1000d250 f   LIBCMTD:crt0dat.obj
 0001:0000c270       __set_abort_behavior       1000d270 f   LIBCMTD:abort.obj
 0001:0000c2a0       _abort                     1000d2a0 f   LIBCMTD:abort.obj
 0001:0000c310       ___set_app_type            1000d310 f   LIBCMTD:errmode.obj
 0001:0000c320       __set_error_mode           1000d320 f   LIBCMTD:errmode.obj
 0001:0000c820       __i64tow_s                 1000d820 f   LIBCMTD:xtows.obj
 0001:0000c870       __itow_s                   1000d870 f   LIBCMTD:xtows.obj
 0001:0000c8d0       __ltow_s                   1000d8d0 f   LIBCMTD:xtows.obj
 0001:0000c910       __ui64tow_s                1000d910 f   LIBCMTD:xtows.obj
 0001:0000c930       __ultow_s                  1000d930 f   LIBCMTD:xtows.obj
 0001:0000cd50       __fflush_nolock            1000dd50 f   LIBCMTD:fflush.obj
 0001:0000cdc0       __flush                    1000ddc0 f   LIBCMTD:fflush.obj
 0001:0000ce80       __flushall                 1000de80 f   LIBCMTD:fflush.obj
 0001:0000ce90       _fflush                    1000de90 f   LIBCMTD:fflush.obj
 0001:0000d0d0       _setvbuf                   1000e0d0 f   LIBCMTD:setvbuf.obj
 0001:0000d3d0       __fwprintf_l               1000e3d0 f   LIBCMTD:fwprintf.obj
 0001:0000d400       __fwprintf_p               1000e400 f   LIBCMTD:fwprintf.obj
 0001:0000d430       __fwprintf_p_l             1000e430 f   LIBCMTD:fwprintf.obj
 0001:0000d460       __fwprintf_s_l             1000e460 f   LIBCMTD:fwprintf.obj
 0001:0000d490       _fwprintf                  1000e490 f   LIBCMTD:fwprintf.obj
 0001:0000d640       _fwprintf_s                1000e640 f   LIBCMTD:fwprintf.obj
 0001:0000d670       __vsnwprintf_s             1000e670 f   LIBCMTD:vswprnc.obj
 0001:0000d6a0       __vsnwprintf_s_l           1000e6a0 f   LIBCMTD:vswprnc.obj
 0001:0000da70       __vswprintf_c              1000ea70 f   LIBCMTD:vswprnc.obj
 0001:0000dac0       __vswprintf_c_l            1000eac0 f   LIBCMTD:vswprnc.obj
 0001:0000db10       __vswprintf_helper         1000eb10 f   LIBCMTD:vswprnc.obj
 0001:0000dd80       __vswprintf_p              1000ed80 f   LIBCMTD:vswprnc.obj
 0001:0000ddd0       __vswprintf_p_l            1000edd0 f   LIBCMTD:vswprnc.obj
 0001:0000de20       __vswprintf_s_l            1000ee20 f   LIBCMTD:vswprnc.obj
 0001:0000e0b0       _vswprintf_s               1000f0b0 f   LIBCMTD:vswprnc.obj
 0001:0000e0d0       ___fpecode                 1000f0d0 f   LIBCMTD:winsig.obj
 0001:0000e0e0       ___get_sigabrt             1000f0e0 f   LIBCMTD:winsig.obj
 0001:0000e100       ___pxcptinfoptrs           1000f100 f   LIBCMTD:winsig.obj
 0001:0000e110       __initp_misc_winsig        1000f110 f   LIBCMTD:winsig.obj
 0001:0000e240       _raise                     1000f240 f   LIBCMTD:winsig.obj
 0001:0000e5d0       _signal                    1000f5d0 f   LIBCMTD:winsig.obj
 0001:0000e980       ___crtMessageBoxW          1000f980 f   LIBCMTD:crtmboxw.obj
 0001:0000ec90       ___crtMessageBoxWaitThreadW@4 1000fc90 f   LIBCMTD:crtmboxw.obj
 0001:0000ecd0       __FF_MSGBANNER             1000fcd0 f   LIBCMTD:crt0msg.obj
 0001:0000ed20       __GET_RTERRMSG             1000fd20 f   LIBCMTD:crt0msg.obj
 0001:0000ed60       __NMSG_WRITE               1000fd60 f   LIBCMTD:crt0msg.obj
 0001:0000f120       ?_RTC_GetErrorFunc@@YAP6AHHPBDH00ZZPBX@Z 10010120 f   LIBCMTD:userapi.obj
 0001:0000f130       ?_RTC_GetErrorFuncW@@YAP6AHHPB_WH00ZZPBX@Z 10010130 f   LIBCMTD:userapi.obj
 0001:0000f140       __RTC_GetErrDesc           10010140 f   LIBCMTD:userapi.obj
 0001:0000f160       __RTC_NumErrors            10010160 f   LIBCMTD:userapi.obj
 0001:0000f170       __RTC_SetErrorFunc         10010170 f   LIBCMTD:userapi.obj
 0001:0000f190       __RTC_SetErrorFuncW        10010190 f   LIBCMTD:userapi.obj
 0001:0000f1b0       __RTC_SetErrorType         100101b0 f   LIBCMTD:userapi.obj
 0001:0000f1e0       __CRT_RTC_INIT             100101e0 f   LIBCMTD:chkesp.obj
 0001:0000f1f0       __CRT_RTC_INITW            100101f0 f   LIBCMTD:chkesp.obj
 0001:0000f200       __chkesp                   10010200 f   LIBCMTD:chkesp.obj
 0001:0000f240       ??0_LocaleUpdate@@QAE@PAUlocaleinfo_struct@@@Z 10010240 f i LIBCMTD:cvt.obj
 0001:0000f320       ??1_LocaleUpdate@@QAE@XZ   10010320 f i LIBCMTD:cvt.obj
 0001:0000f350       ?GetLocaleT@_LocaleUpdate@@QAEPAUlocaleinfo_struct@@XZ 10010350 f i LIBCMTD:cvt.obj
 0001:0000f360       ?strrchr@@YAPADPADH@Z      10010360 f i LIBCMTD:cvt.obj
 0001:0000f380       __cfltcvt                  10010380 f   LIBCMTD:cvt.obj
 0001:0000f3b0       __cfltcvt_l                100103b0 f   LIBCMTD:cvt.obj
 0001:0000f470       __cftoa                    10010470 f   LIBCMTD:cvt.obj
 0001:0000f4a0       __cftoa_l                  100104a0 f   LIBCMTD:cvt.obj
 0001:0000fd10       __cftoe                    10010d10 f   LIBCMTD:cvt.obj
 0001:00010150       __cftoe_l                  10011150 f   LIBCMTD:cvt.obj
 0001:00010380       __cftof                    10011380 f   LIBCMTD:cvt.obj
 0001:00010630       __cftof_l                  10011630 f   LIBCMTD:cvt.obj
 0001:00010830       __cftog                    10011830 f   LIBCMTD:cvt.obj
 0001:00010860       __cftog_l                  10011860 f   LIBCMTD:cvt.obj
 0001:00010af0       __cropzeros                10011af0 f   LIBCMTD:cvt.obj
 0001:00010b10       __cropzeros_l              10011b10 f   LIBCMTD:cvt.obj
 0001:00010c30       __fassign                  10011c30 f   LIBCMTD:cvt.obj
 0001:00010c50       __fassign_l                10011c50 f   LIBCMTD:cvt.obj
 0001:00010ca0       __forcdecpt                10011ca0 f   LIBCMTD:cvt.obj
 0001:00010cc0       __forcdecpt_l              10011cc0 f   LIBCMTD:cvt.obj
 0001:00010d90       __positive                 10011d90 f   LIBCMTD:cvt.obj
 0001:00010df0       __setdefaultprecision      10011df0 f   LIBCMTD:fp8.obj
 0001:00010e30       __initp_misc_cfltcvt_tab   10011e30 f   LIBCMTD:cmiscdat.obj
 0001:00010e70       __fcloseall                10011e70 f   LIBCMTD:closeall.obj
 0001:00010fa0       __lock                     10011fa0 f   LIBCMTD:mlock.obj
 0001:00010fe0       __lockerr_exit             10011fe0 f   LIBCMTD:mlock.obj
 0001:00011010       __mtdeletelocks            10012010 f   LIBCMTD:mlock.obj
 0001:000110d0       __mtinitlocknum            100120d0 f   LIBCMTD:mlock.obj
 0001:000111f0       __mtinitlocks              100121f0 f   LIBCMTD:mlock.obj
 0001:00011270       __unlock                   10012270 f   LIBCMTD:mlock.obj
 0001:00011720       __CrtCheckMemory           10012720 f   LIBCMTD:dbgheap.obj
 0001:00011b80       __CrtDoForAllClientObjects 10012b80 f   LIBCMTD:dbgheap.obj
 0001:00011cb0       __CrtDumpMemoryLeaks       10012cb0 f   LIBCMTD:dbgheap.obj
 0001:00011d50       __CrtGetAllocHook          10012d50 f   LIBCMTD:dbgheap.obj
 0001:00011d60       __CrtGetCheckCount         10012d60 f   LIBCMTD:dbgheap.obj
 0001:00011d70       __CrtGetDumpClient         10012d70 f   LIBCMTD:dbgheap.obj
 0001:00011d80       __CrtIsMemoryBlock         10012d80 f   LIBCMTD:dbgheap.obj
 0001:00011ef0       __CrtIsValidHeapPointer    10012ef0 f   LIBCMTD:dbgheap.obj
 0001:00011f30       __CrtIsValidPointer        10012f30 f   LIBCMTD:dbgheap.obj
 0001:00011f60       __CrtMemCheckpoint         10012f60 f   LIBCMTD:dbgheap.obj
 0001:00012190       __CrtMemDifference         10013190 f   LIBCMTD:dbgheap.obj
 0001:000123f0       __CrtMemDumpAllObjectsSince 100133f0 f   LIBCMTD:dbgheap.obj
 0001:00012430       __CrtMemDumpStatistics     10013430 f   LIBCMTD:dbgheap.obj
 0001:00012550       __CrtReportBlockType       10013550 f   LIBCMTD:dbgheap.obj
 0001:00012580       __CrtSetAllocHook          10013580 f   LIBCMTD:dbgheap.obj
 0001:000125a0       __CrtSetBreakAlloc         100135a0 f   LIBCMTD:dbgheap.obj
 0001:000125c0       __CrtSetCheckCount         100135c0 f   LIBCMTD:dbgheap.obj
 0001:000125e0       __CrtSetDbgBlockType       100135e0 f   LIBCMTD:dbgheap.obj
 0001:000126d0       __CrtSetDbgFlag            100136d0 f   LIBCMTD:dbgheap.obj
 0001:00012820       __CrtSetDebugFillThreshold 10013820 f   LIBCMTD:dbgheap.obj
 0001:00012840       __CrtSetDumpClient         10013840 f   LIBCMTD:dbgheap.obj
 0001:00012860       __aligned_free             10013860 f   LIBCMTD:dbgheap.obj
 0001:00012880       __aligned_free_dbg         10013880 f   LIBCMTD:dbgheap.obj
 0001:00012930       __aligned_malloc           10013930 f   LIBCMTD:dbgheap.obj
 0001:00012950       __aligned_malloc_dbg       10013950 f   LIBCMTD:dbgheap.obj
 0001:00012970       __aligned_msize            10013970 f   LIBCMTD:dbgheap.obj
 0001:00012990       __aligned_msize_dbg        10013990 f   LIBCMTD:dbgheap.obj
 0001:00012ab0       __aligned_offset_malloc    10013ab0 f   LIBCMTD:dbgheap.obj
 0001:00012ad0       __aligned_offset_malloc_dbg 10013ad0 f   LIBCMTD:dbgheap.obj
 0001:00012cb0       __aligned_offset_realloc   10013cb0 f   LIBCMTD:dbgheap.obj
 0001:00012ce0       __aligned_offset_realloc_dbg 10013ce0 f   LIBCMTD:dbgheap.obj
 0001:00012ff0       __aligned_offset_recalloc  10013ff0 f   LIBCMTD:dbgheap.obj
 0001:00013020       __aligned_offset_recalloc_dbg 10014020 f   LIBCMTD:dbgheap.obj
 0001:000130e0       __aligned_realloc          100140e0 f   LIBCMTD:dbgheap.obj
 0001:00013100       __aligned_realloc_dbg      10014100 f   LIBCMTD:dbgheap.obj
 0001:00013130       __aligned_recalloc         10014130 f   LIBCMTD:dbgheap.obj
 0001:00013160       __aligned_recalloc_dbg     10014160 f   LIBCMTD:dbgheap.obj
 0001:00013190       __calloc_dbg               10014190 f   LIBCMTD:dbgheap.obj
 0001:000131f0       __calloc_dbg_impl          100141f0 f   LIBCMTD:dbgheap.obj
 0001:00013270       __expand                   10014270 f   LIBCMTD:dbgheap.obj
 0001:000132a0       __expand_dbg               100142a0 f   LIBCMTD:dbgheap.obj
 0001:000133d0       __free_dbg                 100143d0 f   LIBCMTD:dbgheap.obj
 0001:00013450       __free_dbg_nolock          10014450 f   LIBCMTD:dbgheap.obj
 0001:00013950       __free_nolock              10014950 f   LIBCMTD:dbgheap.obj
 0001:00013970       __heap_alloc               10014970 f   LIBCMTD:dbgheap.obj
 0001:00013990       __heap_alloc_dbg           10014990 f   LIBCMTD:dbgheap.obj
 0001:00013db0       __invoke_watson_if_oneof   10014db0 f i LIBCMTD:dbgheap.obj
 0001:00013df0       __malloc_dbg               10014df0 f   LIBCMTD:dbgheap.obj
 0001:00013e20       __msize                    10014e20 f   LIBCMTD:dbgheap.obj
 0001:00013e40       __msize_dbg                10014e40 f   LIBCMTD:dbgheap.obj
 0001:00014050       __nh_malloc                10015050 f   LIBCMTD:dbgheap.obj
 0001:00014070       __nh_malloc_dbg            10015070 f   LIBCMTD:dbgheap.obj
 0001:00014300       __realloc_dbg              10015300 f   LIBCMTD:dbgheap.obj
 0001:000143a0       __recalloc                 100153a0 f   LIBCMTD:dbgheap.obj
 0001:000143d0       __recalloc_dbg             100153d0 f   LIBCMTD:dbgheap.obj
 0001:00014a90       __fileno                   10015a90 f   LIBCMTD:fileno.obj
 0001:00014b20       ?_CrtDbgReportW@@YAHHPBGH00ZZ 10015b20 f   LIBCMTD:dbgrptw.obj
 0001:00014b70       __CrtDbgReportW            10015b70 f   LIBCMTD:dbgrptw.obj
 0001:00014bc0       __CrtDbgReportWV           10015bc0 f i LIBCMTD:dbgrptw.obj
 0001:00014bf0       __CrtSetReportHookW2       10015bf0 f   LIBCMTD:dbgrptw.obj
 0001:00014f60       ___crtMessageWindowW       10015f60 f   LIBCMTD:dbgrptw.obj
 0001:00015410       __ftbuf                    10016410 f   LIBCMTD:_sftbuf.obj
 0001:000154a0       __stbuf                    100164a0 f   LIBCMTD:_sftbuf.obj
 0001:00015610       __output_l                 10016610 f   LIBCMTD:output.obj
 0001:00016cc0       _get_int64_arg             10017cc0 f i LIBCMTD:output.obj
 0001:00016ce0       _get_int_arg               10017ce0 f i LIBCMTD:output.obj
 0001:00016d00       _get_short_arg             10017d00 f i LIBCMTD:output.obj
 0001:00016f20       __except_handler4          10017f20 f   LIBCMTD:chandler4.obj
 0001:000170e0       __ioinit                   100180e0 f   LIBCMTD:ioinit.obj
 0001:000175c0       __ioterm                   100185c0 f   LIBCMTD:ioinit.obj
 0001:00017660       __vprintf_l                10018660 f   LIBCMTD:vprintf.obj
 0001:00017680       __vprintf_p                10018680 f   LIBCMTD:vprintf.obj
 0001:000176a0       __vprintf_p_l              100186a0 f   LIBCMTD:vprintf.obj
 0001:000176c0       __vprintf_s_l              100186c0 f   LIBCMTD:vprintf.obj
 0001:000176e0       _vprintf                   100186e0 f   LIBCMTD:vprintf.obj
 0001:00017700       _vprintf_helper            10018700 f   LIBCMTD:vprintf.obj
 0001:00017840       _vprintf_s                 10018840 f   LIBCMTD:vprintf.obj
 0001:00017860       ___get_flsindex            10018860 f   LIBCMTD:tidtable.obj
 0001:00017870       ___threadhandle            10018870 f   LIBCMTD:tidtable.obj
 0001:00017880       ___threadid                10018880 f   LIBCMTD:tidtable.obj
 0001:00017890       __freefls@4                10018890 f   LIBCMTD:tidtable.obj
 0001:00017a90       __freeptd                  10018a90 f   LIBCMTD:tidtable.obj
 0001:00017ad0       __getptd                   10018ad0 f   LIBCMTD:tidtable.obj
 0001:00017b00       __getptd_noexit            10018b00 f   LIBCMTD:tidtable.obj
 0001:00017bb0       __initptd                  10018bb0 f   LIBCMTD:tidtable.obj
 0001:00017cf0       __mtinit                   10018cf0 f   LIBCMTD:tidtable.obj
 0001:00017da0       __mtterm                   10018da0 f   LIBCMTD:tidtable.obj
 0001:00017dd0       ___isa_available_init      10018dd0 f   LIBCMTD:cpu_disp.obj
 0001:00018080       __VEC_memset               10019080 f   LIBCMTD:p4_memset.obj
 0001:00018150       ___sys_errlist             10019150 f   LIBCMTD:syserr.obj
 0001:00018160       ___sys_nerr                10019160 f   LIBCMTD:syserr.obj
 0001:00018170       _strlen                    10019170 f   LIBCMTD:strlen.obj
 0001:00018200       ___lock_fhandle            10019200 f   LIBCMTD:osfinfo.obj
 0001:000182f0       __alloc_osfhnd             100192f0 f   LIBCMTD:osfinfo.obj
 0001:00018590       __free_osfhnd              10019590 f   LIBCMTD:osfinfo.obj
 0001:00018680       __get_osfhandle            10019680 f   LIBCMTD:osfinfo.obj
 0001:00018800       __open_osfhandle           10019800 f   LIBCMTD:osfinfo.obj
 0001:00018a30       __set_osfhnd               10019a30 f   LIBCMTD:osfinfo.obj
 0001:00018b00       __unlock_fhandle           10019b00 f   LIBCMTD:osfinfo.obj
 0001:00018b30       __write                    10019b30 f   LIBCMTD:write.obj
 0001:00018d80       __write_nolock             10019d80 f   LIBCMTD:write.obj
 0001:00019f70       ?_RTC_GetSrcLine@@YAHPAEPA_WKPAH1K@Z 1001af70 f   LIBCMTD:pdblkup.obj
 0001:0001a220       __CrtDefaultAllocHook      1001b220 f   LIBCMTD:dbghook.obj
 0001:0001a230       __crt_debugger_hook        1001b230 f   LIBCMTD:dbghook.obj
 0001:0001a290       ___crtCloseThreadpoolTimer 1001b290 f   LIBCMTD:winapisupp.obj
 0001:0001a2c0       ___crtCloseThreadpoolWait  1001b2c0 f   LIBCMTD:winapisupp.obj
 0001:0001a2f0       ___crtCreateEventExW       1001b2f0 f   LIBCMTD:winapisupp.obj
 0001:0001a350       ___crtCreateSemaphoreExW   1001b350 f   LIBCMTD:winapisupp.obj
 0001:0001a3b0       ___crtCreateSymbolicLinkW  1001b3b0 f   LIBCMTD:winapisupp.obj
 0001:0001a3f0       ___crtCreateThreadpoolTimer 1001b3f0 f   LIBCMTD:winapisupp.obj
 0001:0001a430       ___crtCreateThreadpoolWait 1001b430 f   LIBCMTD:winapisupp.obj
 0001:0001a470       ___crtFlsAlloc             1001b470 f   LIBCMTD:winapisupp.obj
 0001:0001a4a0       ___crtFlsFree              1001b4a0 f   LIBCMTD:winapisupp.obj
 0001:0001a4e0       ___crtFlsGetValue          1001b4e0 f   LIBCMTD:winapisupp.obj
 0001:0001a520       ___crtFlsSetValue          1001b520 f   LIBCMTD:winapisupp.obj
 0001:0001a560       ___crtFlushProcessWriteBuffers 1001b560 f   LIBCMTD:winapisupp.obj
 0001:0001a590       ___crtFreeLibraryWhenCallbackReturns 1001b590 f   LIBCMTD:winapisupp.obj
 0001:0001a5c0       ___crtGetCurrentProcessorNumber 1001b5c0 f   LIBCMTD:winapisupp.obj
 0001:0001a5f0       ___crtGetFileInformationByHandleEx 1001b5f0 f   LIBCMTD:winapisupp.obj
 0001:0001a630       ___crtGetLogicalProcessorInformation 1001b630 f   LIBCMTD:winapisupp.obj
 0001:0001a670       ___crtGetShowWindowMode    1001b670 f   LIBCMTD:winapisupp.obj
 0001:0001a6a0       ___crtGetTickCount64       1001b6a0 f   LIBCMTD:winapisupp.obj
 0001:0001a6d0       ___crtInitializeCriticalSectionEx 1001b6d0 f   LIBCMTD:winapisupp.obj
 0001:0001a720       ___crtIsPackagedApp        1001b720 f   LIBCMTD:winapisupp.obj
 0001:0001a760       ___crtLoadWinApiPointers   1001b760 f   LIBCMTD:winapisupp.obj
 0001:0001ac00       ___crtSetFileInformationByHandle 1001bc00 f   LIBCMTD:winapisupp.obj
 0001:0001ac40       ___crtSetThreadStackGuarantee 1001bc40 f   LIBCMTD:winapisupp.obj
 0001:0001ac70       ___crtSetThreadpoolTimer   1001bc70 f   LIBCMTD:winapisupp.obj
 0001:0001acb0       ___crtSetThreadpoolWait    1001bcb0 f   LIBCMTD:winapisupp.obj
 0001:0001ace0       ___crtSetUnhandledExceptionFilter 1001bce0 f   LIBCMTD:winapisupp.obj
 0001:0001acf0       ___crtSleep                1001bcf0 f   LIBCMTD:winapisupp.obj
 0001:0001ad00       ___crtTerminateProcess     1001bd00 f   LIBCMTD:winapisupp.obj
 0001:0001ad20       ___crtUnhandledException   1001bd20 f   LIBCMTD:winapisupp.obj
 0001:0001ad40       ___crtWaitForThreadpoolTimerCallbacks 1001bd40 f   LIBCMTD:winapisupp.obj
 0001:0001ad70       __output_s_l               1001bd70 f   LIBCMTD:outputs.obj
 0001:0001c720       __output_p_l               1001d720 f   LIBCMTD:outputp.obj
 0001:00020520       __validate_param_reuseA    10021520 f   LIBCMTD:outputp.obj
 0001:00020810       _get_crtdouble_arg         10021810 f i LIBCMTD:outputp.obj
 0001:000209d0       _strcpy_s                  100219d0 f   LIBCMTD:strcpy_s.obj
 0001:00020cd0       _strncpy_s                 10021cd0 f   LIBCMTD:strncpy_s.obj
 0001:000210f0       __XcptFilter               100220f0 f   LIBCMTD:winxfltr.obj
 0001:000212f0       ___CppXcptFilter           100222f0 f   LIBCMTD:winxfltr.obj
 0001:00021380       __get_heap_handle          10022380 f   LIBCMTD:heapinit.obj
 0001:000213c0       __heap_init                100223c0 f   LIBCMTD:heapinit.obj
 0001:000213f0       __heap_term                100223f0 f   LIBCMTD:heapinit.obj
 0001:00021400       __set_pgmptr               10022400 f i LIBCMTD:stdargv.obj
 0001:00021410       __setargv                  10022410 f   LIBCMTD:stdargv.obj
 0001:000218e0       __setenvp                  100228e0 f   LIBCMTD:stdenvp.obj
 0001:00021a80       ___security_init_cookie    10022a80 f   LIBCMTD:gs_support.obj
 0001:00021b60       _DllMain@12                10022b60 f   LIBCMTD:dllmain.obj
 0001:00021b70       ___crtGetEnvironmentStringsA 10022b70 f   LIBCMTD:a_env.obj
 0001:00021c70       __RTC_Initialize           10022c70 f   LIBCMTD:initsect.obj
 0001:00021ca0       __RTC_Terminate            10022ca0 f   LIBCMTD:initsect.obj
 0001:00021cd0       __FindPESection            10022cd0 f   LIBCMTD:pesect.obj
 0001:00021d50       __IsNonwritableInCurrentImage 10022d50 f   LIBCMTD:pesect.obj
 0001:00021e80       __ValidateImageBase        10022e80 f   LIBCMTD:pesect.obj
 0001:00021ee0       ___onexitinit              10022ee0 f   LIBCMTD:onexit.obj
 0001:00021f40       __onexit                   10022f40 f   LIBCMTD:onexit.obj
 0001:00022100       _atexit                    10023100 f   LIBCMTD:onexit.obj
 0001:00022130       ?_inconsistency@@YAXXZ     10023130 f   LIBCMTD:hooks.obj
 0001:000221c0       ?terminate@@YAXXZ          100231c0 f   LIBCMTD:hooks.obj
 0001:00022240       ?unexpected@@YAXXZ         10023240 f   LIBCMTD:hooks.obj
 0001:00022270       __initp_eh_hooks           10023270 f   LIBCMTD:hooks.obj
 0001:00022290       ?_query_new_handler@@YAP6AHI@ZXZ 10023290 f   LIBCMTD:handler.obj
 0001:000222b0       ?_set_new_handler@@YAP6AHI@ZH@Z 100232b0 f   LIBCMTD:handler.obj
 0001:000222f0       ?_set_new_handler@@YAP6AHI@ZP6AHI@Z@Z 100232f0 f   LIBCMTD:handler.obj
 0001:00022330       __callnewh                 10023330 f   LIBCMTD:handler.obj
 0001:00022370       __initp_heap_handler       10023370 f   LIBCMTD:handler.obj
 0001:00022380       ___getlocaleinfo           10023380 f   LIBCMTD:inithelp.obj
 0001:00022680       __initp_misc_purevirt      10023680 f   LIBCMTD:inithelp.obj
 0001:00022690       __initp_misc_rand_s        10023690 f   LIBCMTD:rand_s.obj
 0001:000226a0       _rand_s                    100236a0 f   LIBCMTD:rand_s.obj
 0001:00022900       ___initmbctable            10023900 f   LIBCMTD:mbctype.obj
 0001:00022f20       ___updatetmbcinfo          10023f20 f   LIBCMTD:mbctype.obj
 0001:00023040       __getmbcp                  10024040 f   LIBCMTD:mbctype.obj
 0001:000230b0       __setmbcp                  100240b0 f   LIBCMTD:mbctype.obj
 0001:00023350       __setmbcp_nolock           10024350 f   LIBCMTD:mbctype.obj
 0001:000236d0       __aulldiv                  100246d0 f   LIBCMTD:ulldiv.obj
 0001:00023740       __aullrem                  10024740 f   LIBCMTD:ullrem.obj
 0001:000237c0       __commit                   100247c0 f   LIBCMTD:commit.obj
 0001:00023a00       __freebuf                  10024a00 f   LIBCMTD:_freebuf.obj
 0001:00023a90       __vfwprintf_l              10024a90 f   LIBCMTD:vfwprint.obj
 0001:00023ac0       __vfwprintf_p              10024ac0 f   LIBCMTD:vfwprint.obj
 0001:00023ae0       __vfwprintf_p_l            10024ae0 f   LIBCMTD:vfwprint.obj
 0001:00023b10       __vfwprintf_s_l            10024b10 f   LIBCMTD:vfwprint.obj
 0001:00023b40       _vfwprintf                 10024b40 f   LIBCMTD:vfwprint.obj
 0001:00023b60       _vfwprintf_helper          10024b60 f   LIBCMTD:vfwprint.obj
 0001:00023d10       _vfwprintf_s               10024d10 f   LIBCMTD:vfwprint.obj
 0001:00023d30       __woutput_l                10024d30 f   LIBCMTD:woutput.obj
 0001:00025320       __flsbuf                   10026320 f   LIBCMTD:_flsbuf.obj
 0001:000255f0       __woutput_s_l              100265f0 f   LIBCMTD:woutputs.obj
 0001:00026d40       __validate_param_reuseW    10027d40 f   LIBCMTD:woutputp.obj
 0001:00027030       __woutput_p_l              10028030 f   LIBCMTD:woutputp.obj
 0001:0002ab30       _wcsncpy_s                 1002bb30 f   LIBCMTD:wcsncpy_s.obj
 0001:0002af60       __CrtDbgReport             1002bf60 f   LIBCMTD:dbgrpt.obj
 0001:0002afb0       __CrtDbgReportV            1002bfb0 f i LIBCMTD:dbgrpt.obj
 0001:0002aff0       __CrtSetReportHook2        1002bff0 f   LIBCMTD:dbgrpt.obj
 0001:0002b340       ___crtMessageWindowA       1002c340 f   LIBCMTD:dbgrpt.obj
 0001:0002b7f0       ___addlocaleref            1002c7f0 f   LIBCMTD:localref.obj
 0001:0002b910       ___freetlocinfo            1002c910 f   LIBCMTD:localref.obj
 0001:0002bc00       ___removelocaleref         1002cc00 f   LIBCMTD:localref.obj
 0001:0002bd20       ___updatetlocinfo          1002cd20 f   LIBCMTD:localref.obj
 0001:0002bdf0       __updatetlocinfoEx_nolock  1002cdf0 f   LIBCMTD:localref.obj
 0001:0002be70       ___isascii                 1002ce70 f i LIBCMTD:_ctype.obj
 0001:0002bea0       ___iscsym                  1002cea0 f i LIBCMTD:_ctype.obj
 0001:0002bee0       ___iscsymf                 1002cee0 f i LIBCMTD:_ctype.obj
 0001:0002bf20       ___toascii                 1002cf20 f i LIBCMTD:_ctype.obj
 0001:0002bf30       __isalnum_l                1002cf30 f i LIBCMTD:_ctype.obj
 0001:0002bfb0       __isalpha_l                1002cfb0 f i LIBCMTD:_ctype.obj
 0001:0002c030       __isblank_l                1002d030 f i LIBCMTD:_ctype.obj
 0001:0002c0c0       __iscntrl_l                1002d0c0 f i LIBCMTD:_ctype.obj
 0001:0002c140       __iscsym_l                 1002d140 f i LIBCMTD:_ctype.obj
 0001:0002c180       __iscsymf_l                1002d180 f i LIBCMTD:_ctype.obj
 0001:0002c1c0       __isdigit_l                1002d1c0 f i LIBCMTD:_ctype.obj
 0001:0002c240       __isgraph_l                1002d240 f i LIBCMTD:_ctype.obj
 0001:0002c2c0       __islower_l                1002d2c0 f i LIBCMTD:_ctype.obj
 0001:0002c340       __isprint_l                1002d340 f i LIBCMTD:_ctype.obj
 0001:0002c3c0       __ispunct_l                1002d3c0 f i LIBCMTD:_ctype.obj
 0001:0002c440       __isspace_l                1002d440 f i LIBCMTD:_ctype.obj
 0001:0002c4c0       __isupper_l                1002d4c0 f i LIBCMTD:_ctype.obj
 0001:0002c540       __isxdigit_l               1002d540 f i LIBCMTD:_ctype.obj
 0001:0002c5c0       _isalnum                   1002d5c0 f i LIBCMTD:_ctype.obj
 0001:0002c600       _isalpha                   1002d600 f i LIBCMTD:_ctype.obj
 0001:0002c640       _isblank                   1002d640 f i LIBCMTD:_ctype.obj
 0001:0002c690       _iscntrl                   1002d690 f i LIBCMTD:_ctype.obj
 0001:0002c6c0       _isdigit                   1002d6c0 f i LIBCMTD:_ctype.obj
 0001:0002c6f0       _isgraph                   1002d6f0 f i LIBCMTD:_ctype.obj
 0001:0002c730       _islower                   1002d730 f i LIBCMTD:_ctype.obj
 0001:0002c760       _isprint                   1002d760 f i LIBCMTD:_ctype.obj
 0001:0002c7a0       _ispunct                   1002d7a0 f i LIBCMTD:_ctype.obj
 0001:0002c7d0       _isspace                   1002d7d0 f i LIBCMTD:_ctype.obj
 0001:0002c800       _isupper                   1002d800 f i LIBCMTD:_ctype.obj
 0001:0002c830       _isxdigit                  1002d830 f i LIBCMTD:_ctype.obj
 0001:0002c870       __tolower                  1002d870 f   LIBCMTD:tolower.obj
 0001:0002c880       __tolower_l                1002d880 f   LIBCMTD:tolower.obj
 0001:0002cac0       _tolower                   1002dac0 f   LIBCMTD:tolower.obj
 0001:0002cb10       _memmove                   1002db10 f   LIBCMTD:memmove.obj
 0001:0002d160       _strrchr                   1002e160 f   LIBCMTD:strrchr.obj
 0001:0002d2a0       __fptostr                  1002e2a0 f   LIBCMTD:_fptostr.obj
 0001:0002d5c0       ___crt_atoflt_l            1002e5c0 f   LIBCMTD:atodbl.obj
 0001:0002d6d0       __atodbl                   1002e6d0 f   LIBCMTD:atodbl.obj
 0001:0002d6f0       __atodbl_l                 1002e6f0 f   LIBCMTD:atodbl.obj
 0001:0002d7f0       __atoflt                   1002e7f0 f   LIBCMTD:atodbl.obj
 0001:0002d810       __atoflt_l                 1002e810 f   LIBCMTD:atodbl.obj
 0001:0002d830       __atoldbl                  1002e830 f   LIBCMTD:atodbl.obj
 0001:0002d850       __atoldbl_l                1002e850 f   LIBCMTD:atodbl.obj
 0001:0002d950       ___dtold                   1002e950 f   LIBCMTD:cfout.obj
 0001:0002dab0       __fltout2                  1002eab0 f   LIBCMTD:cfout.obj
 0001:0002db60       __alldiv                   1002eb60 f   LIBCMTD:lldiv.obj
 0001:0002dc10       __allrem                   1002ec10 f   LIBCMTD:llrem.obj
 0001:0002dcd0       __allshl                   1002ecd0 f   LIBCMTD:llshl.obj
 0001:0002dcf0       __aullshr                  1002ecf0 f   LIBCMTD:ullshr.obj
 0001:0002dd10       __get_output_format        1002ed10 f   LIBCMTD:outputformat.obj
 0001:0002dd20       __set_output_format        1002ed20 f   LIBCMTD:outputformat.obj
 0001:0002ddc0       __controlfp_s              1002edc0 f   LIBCMTD:contrlfp.obj
 0001:0002deb0       __fptrap                   1002eeb0 f   LIBCMTD:crt0fp.obj
 0001:0002dec0       __fclose_nolock            1002eec0 f   LIBCMTD:fclose.obj
 0001:0002dfd0       _fclose                    1002efd0 f   LIBCMTD:fclose.obj
 0001:0002e0f0       __chvalidator              1002f0f0 f   LIBCMTD:isctype.obj
 0001:0002e140       __chvalidator_l            1002f140 f   LIBCMTD:isctype.obj
 0001:0002e200       __isctype                  1002f200 f   LIBCMTD:isctype.obj
 0001:0002e240       __isctype_l                1002f240 f   LIBCMTD:isctype.obj
 0001:0002e390       __free_base                1002f390 f   LIBCMTD:free.obj
 0001:0002e3e0       __realloc_base             1002f3e0 f   LIBCMTD:realloc.obj
 0001:0002e4e0       __expand_base              1002f4e0 f   LIBCMTD:expand.obj
 0001:0002e650       __heapchk                  1002f650 f   LIBCMTD:heapchk.obj
 0001:0002e680       __heapset                  1002f680 f   LIBCMTD:heapchk.obj
 0001:0002e690       __scprintf                 1002f690 f   LIBCMTD:sprintf.obj
 0001:0002e6b0       __scprintf_l               1002f6b0 f   LIBCMTD:sprintf.obj
 0001:0002e6e0       __scprintf_p               1002f6e0 f   LIBCMTD:sprintf.obj
 0001:0002e700       __scprintf_p_l             1002f700 f   LIBCMTD:sprintf.obj
 0001:0002e730       __snprintf_s               1002f730 f   LIBCMTD:sprintf.obj
 0001:0002e760       __snprintf_s_l             1002f760 f   LIBCMTD:sprintf.obj
 0001:0002e790       __sprintf_l                1002f790 f   LIBCMTD:sprintf.obj
 0001:0002e7c0       __sprintf_p                1002f7c0 f   LIBCMTD:sprintf.obj
 0001:0002e7f0       __sprintf_p_l              1002f7f0 f   LIBCMTD:sprintf.obj
 0001:0002e820       __sprintf_s_l              1002f820 f   LIBCMTD:sprintf.obj
 0001:0002e850       _sprintf                   1002f850 f   LIBCMTD:sprintf.obj
 0001:0002ea10       _sprintf_s                 1002fa10 f   LIBCMTD:sprintf.obj
 0001:0002ea40       __heap_alloc_base          1002fa40 f i LIBCMTD:malloc.obj
 0001:0002eaa0       __malloc_base              1002faa0 f   LIBCMTD:malloc.obj
 0001:0002eb30       ___swprintf_l              1002fb30 f   LIBCMTD:swprintf.obj
 0001:0002eb60       __scwprintf                1002fb60 f   LIBCMTD:swprintf.obj
 0001:0002eb80       __scwprintf_l              1002fb80 f   LIBCMTD:swprintf.obj
 0001:0002ebb0       __scwprintf_p              1002fbb0 f   LIBCMTD:swprintf.obj
 0001:0002ebd0       __scwprintf_p_l            1002fbd0 f   LIBCMTD:swprintf.obj
 0001:0002ec00       __snwprintf_s              1002fc00 f   LIBCMTD:swprintf.obj
 0001:0002ec30       __snwprintf_s_l            1002fc30 f   LIBCMTD:swprintf.obj
 0001:0002ec60       __swprintf                 1002fc60 f   LIBCMTD:swprintf.obj
 0001:0002ee80       __swprintf_p               1002fe80 f   LIBCMTD:swprintf.obj
 0001:0002eeb0       __swprintf_p_l             1002feb0 f   LIBCMTD:swprintf.obj
 0001:0002eee0       __swprintf_s_l             1002fee0 f   LIBCMTD:swprintf.obj
 0001:0002ef10       _swprintf_s                1002ff10 f   LIBCMTD:swprintf.obj
 0001:0002ef40       __CrtDbgBreak              1002ff40 f   LIBCMTD:dbgrptt.obj
 0001:0002ef50       __CrtGetReportHook         1002ff50 f   LIBCMTD:dbgrptt.obj
 0001:0002ef60       __CrtSetReportFile         1002ff60 f   LIBCMTD:dbgrptt.obj
 0001:0002f060       __CrtSetReportHook         10030060 f   LIBCMTD:dbgrptt.obj
 0001:0002f080       __CrtSetReportMode         10030080 f   LIBCMTD:dbgrptt.obj
 0001:0002f1c0       __VCrtDbgReportA           100301c0 f   LIBCMTD:dbgrptt.obj
 0001:0002fa30       __VCrtDbgReportW           10030a30 f   LIBCMTD:dbgrptt.obj
 0001:000303b0       __alloca_probe             100313b0 f   LIBCMTD:chkstk.obj
 0001:000303b0       __chkstk                   100313b0 f   LIBCMTD:chkstk.obj
 0001:000303e0       __isatty                   100313e0 f   LIBCMTD:isatty.obj
 0001:000304a0       ___iswcsym                 100314a0 f i LIBCMTD:_wctype.obj
 0001:000304e0       ___iswcsymf                100314e0 f i LIBCMTD:_wctype.obj
 0001:00030520       __isleadbyte_l             10031520 f i LIBCMTD:_wctype.obj
 0001:00030570       __iswalnum_l               10031570 f i LIBCMTD:_wctype.obj
 0001:00030590       __iswalpha_l               10031590 f i LIBCMTD:_wctype.obj
 0001:000305b0       __iswblank_l               100315b0 f i LIBCMTD:_wctype.obj
 0001:000305e0       __iswcntrl_l               100315e0 f i LIBCMTD:_wctype.obj
 0001:00030600       __iswcsym_l                10031600 f i LIBCMTD:_wctype.obj
 0001:00030640       __iswcsymf_l               10031640 f i LIBCMTD:_wctype.obj
 0001:00030680       __iswdigit_l               10031680 f i LIBCMTD:_wctype.obj
 0001:000306a0       __iswgraph_l               100316a0 f i LIBCMTD:_wctype.obj
 0001:000306c0       __iswlower_l               100316c0 f i LIBCMTD:_wctype.obj
 0001:000306e0       __iswprint_l               100316e0 f i LIBCMTD:_wctype.obj
 0001:00030700       __iswpunct_l               10031700 f i LIBCMTD:_wctype.obj
 0001:00030720       __iswspace_l               10031720 f i LIBCMTD:_wctype.obj
 0001:00030740       __iswupper_l               10031740 f i LIBCMTD:_wctype.obj
 0001:00030760       __iswxdigit_l              10031760 f i LIBCMTD:_wctype.obj
 0001:00030780       _isleadbyte                10031780 f i LIBCMTD:_wctype.obj
 0001:000307a0       _iswalnum                  100317a0 f i LIBCMTD:_wctype.obj
 0001:000307c0       _iswalpha                  100317c0 f i LIBCMTD:_wctype.obj
 0001:000307e0       _iswascii                  100317e0 f i LIBCMTD:_wctype.obj
 0001:00030810       _iswblank                  10031810 f i LIBCMTD:_wctype.obj
 0001:00030840       _iswcntrl                  10031840 f i LIBCMTD:_wctype.obj
 0001:00030860       _iswdigit                  10031860 f i LIBCMTD:_wctype.obj
 0001:00030880       _iswgraph                  10031880 f i LIBCMTD:_wctype.obj
 0001:000308a0       _iswlower                  100318a0 f i LIBCMTD:_wctype.obj
 0001:000308c0       _iswprint                  100318c0 f i LIBCMTD:_wctype.obj
 0001:000308e0       _iswpunct                  100318e0 f i LIBCMTD:_wctype.obj
 0001:00030900       _iswspace                  10031900 f i LIBCMTD:_wctype.obj
 0001:00030920       _iswupper                  10031920 f i LIBCMTD:_wctype.obj
 0001:00030940       _iswxdigit                 10031940 f i LIBCMTD:_wctype.obj
 0001:00030960       __wctomb_l                 10031960 f   LIBCMTD:wctomb.obj
 0001:000309e0       __wctomb_s_l               100319e0 f   LIBCMTD:wctomb.obj
 0001:00030d30       _wctomb                    10031d30 f   LIBCMTD:wctomb.obj
 0001:00030d80       _wctomb_s                  10031d80 f   LIBCMTD:wctomb.obj
 0001:00030da0       __local_unwind4            10031da0 f   LIBCMTD:exsup4.obj
 0001:00030e76       __seh_longjmp_unwind4@4    10031e76 f   LIBCMTD:exsup4.obj
 0001:00030e92       @_EH4_CallFilterFunc@8     10031e92 f   LIBCMTD:exsup4.obj
 0001:00030ea9       @_EH4_TransferToHandler@8  10031ea9 f   LIBCMTD:exsup4.obj
 0001:00030ec2       @_EH4_GlobalUnwind2@8      10031ec2 f   LIBCMTD:exsup4.obj
 0001:00030edb       @_EH4_LocalUnwind@16       10031edb f   LIBCMTD:exsup4.obj
 0001:00030f00       __lseeki64                 10031f00 f   LIBCMTD:lseeki64.obj
 0001:00031170       __lseeki64_nolock          10032170 f   LIBCMTD:lseeki64.obj
 0001:00031240       __mbtowc_l                 10032240 f   LIBCMTD:mbtowc.obj
 0001:00031480       _mbtowc                    10032480 f   LIBCMTD:mbtowc.obj
 0001:000314a0       __putwch                   100324a0 f   LIBCMTD:putwch.obj
 0001:00031530       __putwch_nolock            10032530 f   LIBCMTD:putwch.obj
 0001:00031580       __wmakepath_s              10032580 f   LIBCMTD:wmakepath_s.obj
 0001:00031940       __wsplitpath_s             10032940 f   LIBCMTD:wsplitpath_s.obj
 0001:00032480       __strtol_l                 10033480 f   LIBCMTD:strtol.obj
 0001:000324a0       __strtoul_l                100334a0 f   LIBCMTD:strtol.obj
 0001:000324c0       _strtol                    100334c0 f   LIBCMTD:strtol.obj
 0001:00032510       _strtoul                   10033510 f   LIBCMTD:strtol.obj
 0001:00032620       __ismbbalnum               10033620 f   LIBCMTD:ismbbyte.obj
 0001:00032640       __ismbbalnum_l             10033640 f   LIBCMTD:ismbbyte.obj
 0001:00032660       __ismbbalpha               10033660 f   LIBCMTD:ismbbyte.obj
 0001:00032680       __ismbbalpha_l             10033680 f   LIBCMTD:ismbbyte.obj
 0001:000326a0       __ismbbblank               100336a0 f   LIBCMTD:ismbbyte.obj
 0001:000326d0       __ismbbblank_l             100336d0 f   LIBCMTD:ismbbyte.obj
 0001:00032710       __ismbbgraph               10033710 f   LIBCMTD:ismbbyte.obj
 0001:00032730       __ismbbgraph_l             10033730 f   LIBCMTD:ismbbyte.obj
 0001:00032750       __ismbbkalnum              10033750 f   LIBCMTD:ismbbyte.obj
 0001:00032770       __ismbbkalnum_l            10033770 f   LIBCMTD:ismbbyte.obj
 0001:00032790       __ismbbkana                10033790 f   LIBCMTD:ismbbyte.obj
 0001:000327b0       __ismbbkana_l              100337b0 f   LIBCMTD:ismbbyte.obj
 0001:00032820       __ismbbkprint              10033820 f   LIBCMTD:ismbbyte.obj
 0001:00032840       __ismbbkprint_l            10033840 f   LIBCMTD:ismbbyte.obj
 0001:00032860       __ismbbkpunct              10033860 f   LIBCMTD:ismbbyte.obj
 0001:00032880       __ismbbkpunct_l            10033880 f   LIBCMTD:ismbbyte.obj
 0001:000328a0       __ismbblead                100338a0 f   LIBCMTD:ismbbyte.obj
 0001:000328c0       __ismbblead_l              100338c0 f   LIBCMTD:ismbbyte.obj
 0001:000328e0       __ismbbprint               100338e0 f   LIBCMTD:ismbbyte.obj
 0001:00032900       __ismbbprint_l             10033900 f   LIBCMTD:ismbbyte.obj
 0001:00032920       __ismbbpunct               10033920 f   LIBCMTD:ismbbyte.obj
 0001:00032940       __ismbbpunct_l             10033940 f   LIBCMTD:ismbbyte.obj
 0001:00032960       __ismbbtrail               10033960 f   LIBCMTD:ismbbyte.obj
 0001:00032980       __ismbbtrail_l             10033980 f   LIBCMTD:ismbbyte.obj
 0001:00032ad0       __MallocaIsSizeInRange     10033ad0 f i LIBCMTD:a_loc.obj
 0001:00032b00       __MarkAllocaS              10033b00 f i LIBCMTD:a_loc.obj
 0001:00032b20       ___crtGetLocaleInfoA       10033b20 f   LIBCMTD:a_loc.obj
 0001:00032b70       __freea                    10033b70 f i LIBCMTD:a_loc.obj
 0001:00032be0       _GetTableIndexFromLcid     10033be0 f   LIBCMTD:winapinls.obj
 0001:00032c50       _GetTableIndexFromLocaleName 10033c50 f   LIBCMTD:winapinls.obj
 0001:00032ce0       ___crtCompareStringEx      10033ce0 f   LIBCMTD:winapinls.obj
 0001:00032d50       ___crtDownlevelLCIDToLocaleName 10033d50 f   LIBCMTD:winapinls.obj
 0001:00032e20       ___crtDownlevelLocaleNameToLCID 10033e20 f   LIBCMTD:winapinls.obj
 0001:00032e80       ___crtEnumSystemLocalesEx  10033e80 f   LIBCMTD:winapinls.obj
 0001:00032ef0       ___crtGetDateFormatEx      10033ef0 f   LIBCMTD:winapinls.obj
 0001:00032f60       ___crtGetLocaleInfoEx      10033f60 f   LIBCMTD:winapinls.obj
 0001:00032fc0       ___crtGetTimeFormatEx      10033fc0 f   LIBCMTD:winapinls.obj
 0001:00033030       ___crtGetUserDefaultLocaleName 10034030 f   LIBCMTD:winapinls.obj
 0001:00033080       ___crtIsValidLocaleName    10034080 f   LIBCMTD:winapinls.obj
 0001:000330c0       ___crtLCMapStringEx        100340c0 f   LIBCMTD:winapinls.obj
 0001:00033130       ___wcsnicmp_ascii          10034130 f   LIBCMTD:winapinls.obj
 0001:00033530       ___crtLCMapStringA         10034530 f   LIBCMTD:a_map.obj
 0001:000336d0       ___crtGetStringTypeA       100346d0 f   LIBCMTD:a_str.obj
 0001:00033820       ?_CallCatchBlock2@@YAPAXPAUEHRegistrationNode@@PBU_s_FuncInfo@@PAXHK@Z 10034820 f   LIBCMTD:_trnsctrl_.obj
 0001:00033890       ?_CallMemberFunction0@@YGXPAX0@Z 10034890 f   LIBCMTD:_trnsctrl_.obj
 0001:000338a0       ?_CallMemberFunction1@@YGXPAX00@Z 100348a0 f   LIBCMTD:_trnsctrl_.obj
 0001:000338b0       ?_CallMemberFunction2@@YGXPAX00H@Z 100348b0 f   LIBCMTD:_trnsctrl_.obj
 0001:000338c0       ?_CallSETranslator@@YAHPAUEHExceptionRecord@@PAUEHRegistrationNode@@PAX2PBU_s_FuncInfo@@H1@Z 100348c0 f   LIBCMTD:_trnsctrl_.obj
 0001:000339b0       ?_GetRangeOfTrysToCheck@@YAPBU_s_TryBlockMapEntry@@PBU_s_FuncInfo@@HHPAI1@Z 100349b0 f   LIBCMTD:_trnsctrl_.obj
 0001:00033a40       ?_JumpToContinuation@@YGXPAXPAUEHRegistrationNode@@@Z 10034a40 f   LIBCMTD:_trnsctrl_.obj
 0001:00033a80       ?_UnwindNestedFrames@@YGXPAUEHRegistrationNode@@PAUEHExceptionRecord@@@Z 10034a80 f   LIBCMTD:_trnsctrl_.obj
 0001:00033ae0       __CreateFrameInfo          10034ae0 f   LIBCMTD:_trnsctrl_.obj
 0001:00033b10       __FindAndUnlinkFrame       10034b10 f   LIBCMTD:_trnsctrl_.obj
 0001:00033b70       __IsExceptionObjectToBeDestroyed 10034b70 f   LIBCMTD:_trnsctrl_.obj
 0001:00033ba0       ___CxxFrameHandler         10034ba0 f   LIBCMTD:_trnsctrl_.obj
 0001:00033be0       ___CxxFrameHandler2        10034be0 f   LIBCMTD:_trnsctrl_.obj
 0001:00033c20       ___CxxFrameHandler3        10034c20 f   LIBCMTD:_trnsctrl_.obj
 0001:00033c60       ___CxxLongjmpUnwind@4      10034c60 f   LIBCMTD:_trnsctrl_.obj
 0001:00033c90       __fputwc_nolock            10034c90 f   LIBCMTD:fputwc.obj
 0001:00033f80       _fputwc                    10034f80 f   LIBCMTD:fputwc.obj
 0001:00034090       _putwc                     10035090 f   LIBCMTD:fputwc.obj
 0001:000340b0       __getbuf                   100350b0 f   LIBCMTD:_getbuf.obj
 0001:00034540       __wcstol_l                 10035540 f   LIBCMTD:wcstol.obj
 0001:00034560       __wcstoul_l                10035560 f   LIBCMTD:wcstol.obj
 0001:00034580       _wcstol                    10035580 f   LIBCMTD:wcstol.obj
 0001:000345a0       _wcstoul                   100355a0 f   LIBCMTD:wcstol.obj
 0001:000345c0       ___free_lconv_mon          100355c0 f   LIBCMTD:initmon.obj
 0001:00034770       ___init_monetary           10035770 f   LIBCMTD:initmon.obj
 0001:00034d80       ___free_lconv_num          10035d80 f   LIBCMTD:initnum.obj
 0001:00034e30       ___init_numeric            10035e30 f   LIBCMTD:initnum.obj
 0001:00035200       ___free_lc_time            10036200 f   LIBCMTD:inittime.obj
 0001:00035b30       ___init_time               10036b30 f   LIBCMTD:inittime.obj
 0001:00036b30       _localeconv                10037b30 f   LIBCMTD:lconv.obj
 0001:00036b80       ___init_dummy              10037b80 f   LIBCMTD:wsetloca.obj
 0001:00036b90       __locterm                  10037b90 f   LIBCMTD:wsetloca.obj
 0001:00036c20       ____setlc_active_func      10037c20 f   LIBCMTD:wsetloca.obj
 0001:00036c30       ____unguarded_readlc_active_add_func 10037c30 f   LIBCMTD:wsetloca.obj
 0001:00036c40       ___copy_locale_name        10037c40 f   LIBCMTD:wsetloca.obj
 0001:00036ce0       ___create_locale           10037ce0 f   LIBCMTD:wsetloca.obj
 0001:00036d00       ___free_locale             10037d00 f   LIBCMTD:wsetloca.obj
 0001:00036d20       ___get_current_locale      10037d20 f   LIBCMTD:wsetloca.obj
 0001:00036d30       ___lc_lctowcs              10037d30 f   LIBCMTD:wsetloca.obj
 0001:00036de0       ___lc_wcstolc              10037de0 f   LIBCMTD:wsetloca.obj
 0001:00037000       __configthreadlocale       10038000 f   LIBCMTD:wsetloca.obj
 0001:00037160       __create_locale            10038160 f   LIBCMTD:wsetloca.obj
 0001:000371d0       __expandlocale             100381d0 f   LIBCMTD:wsetloca.obj
 0001:000376c0       __free_locale              100386c0 f   LIBCMTD:wsetloca.obj
 0001:000377f0       __get_current_locale       100387f0 f   LIBCMTD:wsetloca.obj
 0001:00037910       __wcreate_locale           10038910 f   LIBCMTD:wsetloca.obj
 0001:00037b00       __wcscats                  10038b00 f   LIBCMTD:wsetloca.obj
 0001:00037b80       __wsetlocale               10038b80 f   LIBCMTD:wsetloca.obj
 0001:00038c10       __CopyMan                  10039c10 f i LIBCMTD:intrncvt.obj
 0001:00038c60       __FillZeroMan              10039c60 f i LIBCMTD:intrncvt.obj
 0001:00038c90       __IncMan                   10039c90 f i LIBCMTD:intrncvt.obj
 0001:00038d40       __IsZeroMan                10039d40 f i LIBCMTD:intrncvt.obj
 0001:00038d80       __RoundMan                 10039d80 f i LIBCMTD:intrncvt.obj
 0001:00038e60       __ShrMan                   10039e60 f i LIBCMTD:intrncvt.obj
 0001:00038f50       __ZeroTail                 10039f50 f i LIBCMTD:intrncvt.obj
 0001:00038fe0       ___addl                    10039fe0 f i LIBCMTD:intrncvt.obj
 0001:00039020       __ld12cvt                  1003a020 f i LIBCMTD:intrncvt.obj
 0001:000392e0       __ld12tod                  1003a2e0 f   LIBCMTD:intrncvt.obj
 0001:00039300       __ld12tof                  1003a300 f   LIBCMTD:intrncvt.obj
 0001:00039320       __ld12told                 1003a320 f   LIBCMTD:intrncvt.obj
 0001:00039420       ___STRINGTOLD_L            1003a420 f   LIBCMTD:strgtold.obj
 0001:00039490       ___ld12mul                 1003a490 f i LIBCMTD:strgtold.obj
 0001:000398a0       ___multtenpow12            1003a8a0 f i LIBCMTD:strgtold.obj
 0001:00039980       ___shl_12                  1003a980 f i LIBCMTD:strgtold.obj
 0001:00039a00       ___shr_12                  1003aa00 f i LIBCMTD:strgtold.obj
 0001:00039a80       ___strgtold12_l            1003aa80 f   LIBCMTD:strgtold.obj
 0001:0003a570       _$I10_OUTPUT               1003b570 f   LIBCMTD:x10fout.obj
 0001:0003ab80       ___add_12                  1003bb80 f i LIBCMTD:x10fout.obj
 0001:0003ac30       ___pctype_func             1003bc30 f   LIBCMTD:ctype.obj
 0001:0003ac80       ___pwctype_func            1003bc80 f   LIBCMTD:ctype.obj
 0001:0003ae90       ___control87_2             1003be90 f   LIBCMTD:ieee87.obj
 0001:0003b330       __clearfp                  1003c330 f   LIBCMTD:ieee87.obj
 0001:0003b370       __control87                1003c370 f i LIBCMTD:ieee87.obj
 0001:0003b420       __controlfp                1003c420 f   LIBCMTD:ieee87.obj
 0001:0003b440       __fpreset                  1003c440 f   LIBCMTD:ieee87.obj
 0001:0003b600       __set_controlfp            1003c600 f   LIBCMTD:ieee87.obj
 0001:0003b690       __statusfp                 1003c690 f   LIBCMTD:ieee87.obj
 0001:0003b6d0       __statusfp2                1003c6d0 f   LIBCMTD:ieee87.obj
 0001:0003b710       __close                    1003c710 f   LIBCMTD:close.obj
 0001:0003b950       __close_nolock             1003c950 f   LIBCMTD:close.obj
 0001:0003ba30       __vscprintf                1003ca30 f   LIBCMTD:vsprintf.obj
 0001:0003ba50       __vscprintf_helper         1003ca50 f   LIBCMTD:vsprintf.obj
 0001:0003bb40       __vscprintf_l              1003cb40 f   LIBCMTD:vsprintf.obj
 0001:0003bb60       __vscprintf_p              1003cb60 f   LIBCMTD:vsprintf.obj
 0001:0003bb80       __vscprintf_p_l            1003cb80 f   LIBCMTD:vsprintf.obj
 0001:0003bba0       __vsprintf_l               1003cba0 f   LIBCMTD:vsprintf.obj
 0001:0003bd60       _vsprintf                  1003cd60 f   LIBCMTD:vsprintf.obj
 0001:0003bd80       __vsnprintf_c              1003cd80 f   LIBCMTD:vsnprnc.obj
 0001:0003bdd0       __vsnprintf_c_l            1003cdd0 f   LIBCMTD:vsnprnc.obj
 0001:0003be20       __vsnprintf_helper         1003ce20 f   LIBCMTD:vsnprnc.obj
 0001:0003c020       __vsnprintf_s              1003d020 f   LIBCMTD:vsnprnc.obj
 0001:0003c050       __vsnprintf_s_l            1003d050 f   LIBCMTD:vsnprnc.obj
 0001:0003c410       __vsprintf_p               1003d410 f   LIBCMTD:vsnprnc.obj
 0001:0003c460       __vsprintf_p_l             1003d460 f   LIBCMTD:vsnprnc.obj
 0001:0003c4b0       __vsprintf_s_l             1003d4b0 f   LIBCMTD:vsnprnc.obj
 0001:0003c740       _vsprintf_s                1003d740 f   LIBCMTD:vsnprnc.obj
 0001:0003c760       ___vswprintf_l             1003d760 f   LIBCMTD:vswprint.obj
 0001:0003c780       __vscwprintf               1003d780 f   LIBCMTD:vswprint.obj
 0001:0003c7a0       __vscwprintf_helper        1003d7a0 f   LIBCMTD:vswprint.obj
 0001:0003c890       __vscwprintf_l             1003d890 f   LIBCMTD:vswprint.obj
 0001:0003c8b0       __vscwprintf_p             1003d8b0 f   LIBCMTD:vswprint.obj
 0001:0003c8d0       __vscwprintf_p_l           1003d8d0 f   LIBCMTD:vswprint.obj
 0001:0003c8f0       __vswprintf                1003d8f0 f   LIBCMTD:vswprint.obj
 0001:0003c910       __vswprintf_l              1003d910 f   LIBCMTD:vswprint.obj
 0001:0003cb30       _strcat_s                  1003db30 f   LIBCMTD:strcat_s.obj
 0001:0003d360       __i64toa_s                 1003e360 f   LIBCMTD:xtoas.obj
 0001:0003d3b0       __itoa_s                   1003e3b0 f   LIBCMTD:xtoas.obj
 0001:0003d410       __ltoa_s                   1003e410 f   LIBCMTD:xtoas.obj
 0001:0003d450       __ui64toa_s                1003e450 f   LIBCMTD:xtoas.obj
 0001:0003d470       __ultoa_s                  1003e470 f   LIBCMTD:xtoas.obj
 0001:0003d870       __mbstowcs_l               1003e870 f   LIBCMTD:mbstowcs.obj
 0001:0003d890       __mbstowcs_l_helper        1003e890 f   LIBCMTD:mbstowcs.obj
 0001:0003dc20       __mbstowcs_s_l             1003ec20 f   LIBCMTD:mbstowcs.obj
 0001:0003dfe0       _mbstowcs                  1003efe0 f   LIBCMTD:mbstowcs.obj
 0001:0003e030       _mbstowcs_s                1003f030 f   LIBCMTD:mbstowcs.obj
 0001:0003e0c0       __wcstombs_l               1003f0c0 f   LIBCMTD:wcstombs.obj
 0001:0003e0e0       __wcstombs_l_helper        1003f0e0 f   LIBCMTD:wcstombs.obj
 0001:0003e5f0       __wcstombs_s_l             1003f5f0 f   LIBCMTD:wcstombs.obj
 0001:0003e950       _wcstombs                  1003f950 f   LIBCMTD:wcstombs.obj
 0001:0003e970       _wcstombs_s                1003f970 f   LIBCMTD:wcstombs.obj
 0001:0003e9a0       __iswctype_l               1003f9a0 f   LIBCMTD:iswctype.obj
 0001:0003e9c0       _is_wctype                 1003f9c0 f   LIBCMTD:iswctype.obj
 0001:0003e9e0       _iswctype                  1003f9e0 f   LIBCMTD:iswctype.obj
 0001:0003ea40       ____lc_codepage_func       1003fa40 f   LIBCMTD:initctyp.obj
 0001:0003ea90       ____lc_collate_cp_func     1003fa90 f   LIBCMTD:initctyp.obj
 0001:0003eae0       ____lc_locale_name_func    1003fae0 f   LIBCMTD:initctyp.obj
 0001:0003eb30       ____mb_cur_max_func        1003fb30 f   LIBCMTD:initctyp.obj
 0001:0003eb80       ____mb_cur_max_l_func      1003fb80 f   LIBCMTD:initctyp.obj
 0001:0003ebb0       ___init_ctype              1003fbb0 f   LIBCMTD:initctyp.obj
 0001:0003f1f0       __global_unwind2           100401f0 f   LIBCMTD:exsup.obj
 0001:0003f255       __local_unwind2            10040255 f   LIBCMTD:exsup.obj
 0001:0003f2d9       __abnormal_termination     100402d9 f   LIBCMTD:exsup.obj
 0001:0003f2fc       __NLG_Notify1              100402fc f   LIBCMTD:exsup.obj
 0001:0003f305       __NLG_Notify               10040305 f   LIBCMTD:exsup.obj
 0001:0003f31c       __NLG_Dispatch2            1004031c     LIBCMTD:exsup.obj
 0001:0003f31c       __NLG_Dispatch             1004031c     LIBCMTD:exsup.obj
 0001:0003f324       __NLG_Call                 10040324 f   LIBCMTD:exsup.obj
 0001:0003f326       __NLG_Return2              10040326     LIBCMTD:exsup.obj
 0001:0003f330       ___termconout              10040330 f   LIBCMTD:initcon.obj
 0001:0003f360       ___initconout              10040360 f   LIBCMTD:initcon.obj
 0001:0003f390       _wcsnlen                   10040390 f   LIBCMTD:wcslen_s.obj
 0001:0003f3d0       __CallSettingFrame@12      100403d0 f   LIBCMTD:lowhelpr.obj
 0001:0003f3f7       __NLG_Return               100403f7     LIBCMTD:lowhelpr.obj
 0001:0003f420       ___DestructExceptionObject 10040420 f   LIBCMTD:frame.obj
 0001:0003f540       ??0bad_exception@std@@QAE@ABV01@@Z 10040540 f i LIBCMTD:frame.obj
 0001:0003f570       ??0bad_exception@std@@QAE@PBD@Z 10040570 f i LIBCMTD:frame.obj
 0001:0003f5a0       ??1bad_exception@std@@UAE@XZ 100405a0 f i LIBCMTD:frame.obj
 0001:0003f5c0       ??_Ebad_exception@std@@UAEPAXI@Z 100405c0 f i LIBCMTD:frame.obj
 0001:0003f5c0       ??_Gbad_exception@std@@UAEPAXI@Z 100405c0 f i LIBCMTD:frame.obj
 0001:000401b0       ?__uncaught_exception@@YA_NXZ 100411b0 f   LIBCMTD:frame.obj
 0001:000401e0       ?_is_exception_typeof@@YAHABVtype_info@@PAU_EXCEPTION_POINTERS@@@Z 100411e0 f   LIBCMTD:frame.obj
 0001:000402c0       __SetWinRTOutOfMemoryExceptionCallback 100412c0 f   LIBCMTD:frame.obj
 0001:000402d0       ___AdjustPointer           100412d0 f   LIBCMTD:frame.obj
 0001:00040320       ___BuildCatchObject        10041320 f   LIBCMTD:frame.obj
 0001:00040430       ___BuildCatchObjectHelper  10041430 f   LIBCMTD:frame.obj
 0001:00040730       ___CxxDetectRethrow        10041730 f   LIBCMTD:frame.obj
 0001:000407b0       ___CxxExceptionFilter      100417b0 f   LIBCMTD:frame.obj
 0001:000409b0       ___CxxQueryExceptionSize   100419b0 f   LIBCMTD:frame.obj
 0001:000409c0       ___CxxRegisterExceptionObject 100419c0 f   LIBCMTD:frame.obj
 0001:00040b00       ___CxxUnregisterExceptionObject 10041b00 f   LIBCMTD:frame.obj
 0001:00040c80       ___FrameUnwindFilter       10041c80 f   LIBCMTD:frame.obj
 0001:00040d00       ___FrameUnwindToState      10041d00 f   LIBCMTD:frame.obj
 0001:00040e80       ___GetPlatformExceptionInfo 10041e80 f   LIBCMTD:frame.obj
 0001:00040f40       ___InternalCxxFrameHandler 10041f40 f   LIBCMTD:frame.obj
 0001:000410b0       ___TypeMatch               100420b0 f   LIBCMTD:frame.obj
 0001:00041190       __flswbuf                  10042190 f   LIBCMTD:_flswbuf.obj
 0001:00041480       __wchartodigit             10042480 f   LIBCMTD:wchtodig.obj
 0001:000417a0       ___init_collate            100427a0 f   LIBCMTD:initcoll.obj
 0001:00041960       _memcmp                    10042960 f   LIBCMTD:memcmp.obj
 0001:00042230       _wcscmp                    10043230 f   LIBCMTD:wcscmp.obj
 0001:00042290       _wcscspn                   10043290 f   LIBCMTD:wcscspn.obj
 0001:00042300       _wcsncmp                   10043300 f   LIBCMTD:wcsncmp.obj
 0001:00042360       _wcspbrk                   10043360 f   LIBCMTD:wcspbrk.obj
 0001:00042ef0       ___get_qualified_locale    10043ef0 f   LIBCMTD:getqloc.obj
 0001:00043ec0       ___get_qualified_locale_downlevel 10044ec0 f   LIBCMTD:getqloc_downlevel.obj
 0001:00044190       ___mtold12                 10045190 f   LIBCMTD:mantold.obj
 0001:000442e0       ___clrfp_sse2              100452e0 f   LIBCMTD:fpctrl.obj
 0001:00044320       ___ctrlfp_sse2             10045320 f   LIBCMTD:fpctrl.obj
 0001:00044380       ___fclrf_sse2              10045380 f   LIBCMTD:fpctrl.obj
 0001:000443a0       ___get_fpsr_sse2           100453a0 f   LIBCMTD:fpctrl.obj
 0001:000443d0       ___set_fpsr_sse2           100453d0 f   LIBCMTD:fpctrl.obj
 0001:000444b0       ___set_statfp_sse2         100454b0 f   LIBCMTD:fpctrl.obj
 0001:000444e0       ___statfp_sse2             100454e0 f   LIBCMTD:fpctrl.obj
 0001:00044510       __clrfp                    10045510 f   LIBCMTD:fpctrl.obj
 0001:00044530       __ctrlfp                   10045530 f   LIBCMTD:fpctrl.obj
 0001:00044560       __set_statfp               10045560 f   LIBCMTD:fpctrl.obj
 0001:000445d0       __statfp                   100455d0 f   LIBCMTD:fpctrl.obj
 0001:000445e0       ??3@YAXPAX@Z               100455e0 f   LIBCMTD:dbgdel.obj
 0001:000446d0       _strcmp                    100456d0 f   LIBCMTD:strcmp.obj
 0001:00044760       ?_ValidateExecute@@YAHP6GHXZ@Z 10045760 f   LIBCMTD:validate.obj
 0001:00044780       ?_ValidateRead@@YAHPBXI@Z  10045780 f   LIBCMTD:validate.obj
 0001:000447a0       ?_ValidateWrite@@YAHPAXI@Z 100457a0 f   LIBCMTD:validate.obj
 0001:000447c0       ??0type_info@@AAE@ABV0@@Z  100457c0 f   LIBCMTD:typinfo.obj
 0001:000447e0       ??1type_info@@UAE@XZ       100457e0 f   LIBCMTD:typinfo.obj
 0001:00044800       ??4type_info@@AAEAAV0@ABV0@@Z 10045800 f   LIBCMTD:typinfo.obj
 0001:00044810       ??8type_info@@QBE_NABV0@@Z 10045810 f   LIBCMTD:typinfo.obj
 0001:00044850       ??9type_info@@QBE_NABV0@@Z 10045850 f   LIBCMTD:typinfo.obj
 0001:00044890       ??_Etype_info@@UAEPAXI@Z   10045890 f i LIBCMTD:typinfo.obj
 0001:00044890       ??_Gtype_info@@UAEPAXI@Z   10045890 f i LIBCMTD:typinfo.obj
 0001:000448c0       ?_name_internal_method@type_info@@QBEPBDPAU__type_info_node@@@Z 100458c0 f   LIBCMTD:typinfo.obj
 0001:000448e0       ?_type_info_dtor_internal_method@type_info@@QAEXXZ 100458e0 f   LIBCMTD:typinfo.obj
 0001:00044900       ?before@type_info@@QBE_NABV1@@Z 10045900 f   LIBCMTD:typinfo.obj
 0001:00044940       ?name@type_info@@QBEPBDPAU__type_info_node@@@Z 10045940 f   LIBCMTD:typinfo.obj
 0001:00044960       ?raw_name@type_info@@QBEPBDXZ 10045960 f   LIBCMTD:typinfo.obj
 0001:00044980       ??0__non_rtti_object@std@@QAE@ABV01@@Z 10045980 f   LIBCMTD:stdexcpt.obj
 0001:000449b0       ??0__non_rtti_object@std@@QAE@PBD@Z 100459b0 f   LIBCMTD:stdexcpt.obj
 0001:000449e0       ??0bad_cast@std@@QAE@ABV01@@Z 100459e0 f   LIBCMTD:stdexcpt.obj
 0001:00044a10       ??0bad_cast@std@@QAE@PBD@Z 10045a10 f   LIBCMTD:stdexcpt.obj
 0001:00044a40       ??0bad_typeid@std@@QAE@ABV01@@Z 10045a40 f   LIBCMTD:stdexcpt.obj
 0001:00044a70       ??0bad_typeid@std@@QAE@PBD@Z 10045a70 f   LIBCMTD:stdexcpt.obj
 0001:00044aa0       ??0exception@std@@QAE@ABQBD@Z 10045aa0 f   LIBCMTD:stdexcpt.obj
 0001:00044ae0       ??0exception@std@@QAE@ABQBDH@Z 10045ae0 f   LIBCMTD:stdexcpt.obj
 0001:00044b10       ??0exception@std@@QAE@ABV01@@Z 10045b10 f   LIBCMTD:stdexcpt.obj
 0001:00044b50       ??0exception@std@@QAE@XZ   10045b50 f   LIBCMTD:stdexcpt.obj
 0001:00044b80       ??1__non_rtti_object@std@@UAE@XZ 10045b80 f   LIBCMTD:stdexcpt.obj
 0001:00044ba0       ??1bad_cast@std@@UAE@XZ    10045ba0 f   LIBCMTD:stdexcpt.obj
 0001:00044bc0       ??1bad_typeid@std@@UAE@XZ  10045bc0 f   LIBCMTD:stdexcpt.obj
 0001:00044be0       ??1exception@std@@UAE@XZ   10045be0 f   LIBCMTD:stdexcpt.obj
 0001:00044c00       ??4exception@std@@QAEAAV01@ABV01@@Z 10045c00 f   LIBCMTD:stdexcpt.obj
 0001:00044c50       ??_G__non_rtti_object@std@@UAEPAXI@Z 10045c50 f i LIBCMTD:stdexcpt.obj
 0001:00044c50       ??_E__non_rtti_object@std@@UAEPAXI@Z 10045c50 f i LIBCMTD:stdexcpt.obj
 0001:00044c80       ??_Ebad_cast@std@@UAEPAXI@Z 10045c80 f i LIBCMTD:stdexcpt.obj
 0001:00044c80       ??_Gbad_cast@std@@UAEPAXI@Z 10045c80 f i LIBCMTD:stdexcpt.obj
 0001:00044cb0       ??_Ebad_typeid@std@@UAEPAXI@Z 10045cb0 f i LIBCMTD:stdexcpt.obj
 0001:00044cb0       ??_Gbad_typeid@std@@UAEPAXI@Z 10045cb0 f i LIBCMTD:stdexcpt.obj
 0001:00044ce0       ??_Gexception@std@@UAEPAXI@Z 10045ce0 f i LIBCMTD:stdexcpt.obj
 0001:00044ce0       ??_Eexception@std@@UAEPAXI@Z 10045ce0 f i LIBCMTD:stdexcpt.obj
 0001:00044d10       ?_Copy_str@exception@std@@AAEXPBD@Z 10045d10 f   LIBCMTD:stdexcpt.obj
 0001:00044d70       ?_Tidy@exception@std@@AAEXXZ 10045d70 f   LIBCMTD:stdexcpt.obj
 0001:00044db0       ?what@exception@std@@UBEPBDXZ 10045db0 f   LIBCMTD:stdexcpt.obj
 0001:00044de0       __CxxThrowException@8      10045de0 f   LIBCMTD:throw.obj
 0001:00044e80       __wtoi                     10045e80 f   LIBCMTD:wtox.obj
 0001:00044ea0       __wtoi64                   10045ea0 f   LIBCMTD:wtox.obj
 0001:00044ec0       __wtoi64_l                 10045ec0 f   LIBCMTD:wtox.obj
 0001:00044ee0       __wtoi_l                   10045ee0 f   LIBCMTD:wtox.obj
 0001:00044f00       __wtol                     10045f00 f   LIBCMTD:wtox.obj
 0001:00044f20       __wtol_l                   10045f20 f   LIBCMTD:wtox.obj
 0001:00044f40       __wtoll                    10045f40 f   LIBCMTD:wtox.obj
 0001:00044f60       __wtoll_l                  10045f60 f   LIBCMTD:wtox.obj
 0001:00044f80       _wcschr                    10045f80 f   LIBCMTD:wcschr.obj
 0001:00045100       __wcsicmp                  10046100 f   LIBCMTD:wcsicmp.obj
 0001:000452d0       __wcsicmp_l                100462d0 f   LIBCMTD:wcsicmp.obj
 0001:00045540       __wcsnicmp                 10046540 f   LIBCMTD:wcsnicmp.obj
 0001:00045730       __wcsnicmp_l               10046730 f   LIBCMTD:wcsnicmp.obj
 0001:00045990       ?_Name_base@type_info@@CAPBDPBV1@PAU__type_info_node@@@Z 10046990 f   LIBCMTD:typname.obj
 0001:00045b40       ?_Name_base_internal@type_info@@CAPBDPBV1@PAU__type_info_node@@@Z 10046b40 f   LIBCMTD:typname.obj
 0001:00045d00       ?_Type_info_dtor@type_info@@CAXPAV1@@Z 10046d00 f   LIBCMTD:typname.obj
 0001:00045e10       ?_Type_info_dtor_internal@type_info@@CAXPAV1@@Z 10046e10 f   LIBCMTD:typname.obj
 0001:00045f20       ___clean_type_info_names_internal 10046f20 f   LIBCMTD:typname.obj
 0001:00045fd0       ___unDNameHelper           10046fd0 f   LIBCMTD:typname.obj
 0001:00046560       __wcstof_l                 10047560 f   LIBCMTD:wcstoq.obj
 0001:00046670       __wcstoi64                 10047670 f   LIBCMTD:wcstoq.obj
 0001:000466c0       __wcstoi64_l               100476c0 f   LIBCMTD:wcstoq.obj
 0001:000466e0       __wcstoimax_l              100476e0 f   LIBCMTD:wcstoq.obj
 0001:00046700       __wcstold_l                10047700 f   LIBCMTD:wcstoq.obj
 0001:00046720       __wcstoll_l                10047720 f   LIBCMTD:wcstoq.obj
 0001:00046740       __wcstoui64                10047740 f   LIBCMTD:wcstoq.obj
 0001:00046790       __wcstoui64_l              10047790 f   LIBCMTD:wcstoq.obj
 0001:000467b0       __wcstoull_l               100477b0 f   LIBCMTD:wcstoq.obj
 0001:000467d0       __wcstoumax_l              100477d0 f   LIBCMTD:wcstoq.obj
 0001:000467f0       _wcstof                    100477f0 f   LIBCMTD:wcstoq.obj
 0001:00046810       _wcstoimax                 10047810 f   LIBCMTD:wcstoq.obj
 0001:00046830       _wcstold                   10047830 f   LIBCMTD:wcstoq.obj
 0001:00046850       _wcstoll                   10047850 f   LIBCMTD:wcstoq.obj
 0001:00046870       _wcstoull                  10047870 f   LIBCMTD:wcstoq.obj
 0001:00046890       _wcstoumax                 10047890 f   LIBCMTD:wcstoq.obj
 0001:000468b0       __towlower_l               100478b0 f   LIBCMTD:towlower.obj
 0001:00046a00       _towlower                  10047a00 f   LIBCMTD:towlower.obj
 0001:00046a20       ??0Block@_HeapManager@@QAE@XZ 10047a20 f i LIBCMTD:undname.obj
 0001:00046a40       ??0DName@@QAE@AAPBDD@Z     10047a40 f   LIBCMTD:undname.obj
 0001:00046d00       ??0DName@@QAE@ABV0@@Z      10047d00 f i LIBCMTD:undname.obj
 0001:00046d20       ??0DName@@QAE@D@Z          10047d20 f   LIBCMTD:undname.obj
 0001:00046e00       ??0DName@@QAE@PAV0@@Z      10047e00 f   LIBCMTD:undname.obj
 0001:00046f40       ??0DName@@QAE@PBD@Z        10047f40 f   LIBCMTD:undname.obj
 0001:00047030       ??0DName@@QAE@W4DNameStatus@@@Z 10048030 f   LIBCMTD:undname.obj
[...]
 0002:00011100       __sehtable$___BuildCatchObjectHelper 10065100     LIBCMTD:frame.obj
 0002:00011170       __sehtable$___set_fpsr_sse2 10065170     LIBCMTD:fpctrl.obj
 0002:00011190       __sehtable$??3@YAXPAX@Z    10065190     LIBCMTD:dbgdel.obj
 0002:000111b0       __sehtable$?_Name_base@type_info@@CAPBDPBV1@PAU__type_info_node@@@Z 100651b0     LIBCMTD:typname.obj
 0002:000111d0       __sehtable$?_Type_info_dtor@type_info@@CAXPAV1@@Z 100651d0     LIBCMTD:typname.obj
 0002:000111f0       __sehtable$?_Name_base_internal@type_info@@CAPBDPBV1@PAU__type_info_node@@@Z 100651f0     LIBCMTD:typname.obj
 0002:00011210       __sehtable$?_Type_info_dtor_internal@type_info@@CAXPAV1@@Z 10065210     LIBCMTD:typname.obj
 0002:00011230       __sehtable$___clean_type_info_names_internal 10065230     LIBCMTD:typname.obj
 0002:0001124c       __unwindtable$?wcstoxq@@YA_KPAUlocaleinfo_struct@@PB_WPAPB_WHH@Z 1006524c     LIBCMTD:wcstoq.obj
 0002:00011254       __ehfuncinfo$?wcstoxq@@YA_KPAUlocaleinfo_struct@@PB_WPAPB_WHH@Z 10065254     LIBCMTD:wcstoq.obj
 0002:00011278       __sehtable$___unDName      10065278     LIBCMTD:undname.obj
 0002:00011298       __sehtable$___unDNameEx    10065298     LIBCMTD:undname.obj
 0002:000112b4       __unwindtable$?make@DNameStatusNode@@SAPAV1@W4DNameStatus@@@Z 100652b4     LIBCMTD:undname.obj
 0002:000112bc       __ehfuncinfo$?make@DNameStatusNode@@SAPAV1@W4DNameStatus@@@Z 100652bc     LIBCMTD:undname.obj
 0002:000112e0       __unwindtable$?strtoxq@@YA_KPAUlocaleinfo_struct@@PBDPAPBDHH@Z 100652e0     LIBCMTD:strtoq.obj
 0002:000112e8       __ehfuncinfo$?strtoxq@@YA_KPAUlocaleinfo_struct@@PBDPAPBDHH@Z 100652e8     LIBCMTD:strtoq.obj
 0002:00011310       .edata                     10065310     modbus.exp
 0002:00011338       rgpv                       10065338     modbus.exp
 0002:00011438       rgszName                   10065438     modbus.exp
 0002:00011538       rgwOrd                     10065538     modbus.exp
 0002:000115b8       szName                     100655b8     modbus.exp
 0002:000115c3       $N00001                    100655c3     modbus.exp
 0002:000115d0       $N00002                    100655d0     modbus.exp
 0002:000115df       $N00003                    100655df     modbus.exp
 0002:000115ec       $N00004                    100655ec     modbus.exp
 0002:000115f8       $N00005                    100655f8     modbus.exp
 0002:00011612       $N00006                    10065612     modbus.exp
 0002:0001162a       $N00007                    1006562a     modbus.exp
 0002:0001163b       $N00008                    1006563b     modbus.exp
 0002:00011651       $N00009                    10065651     modbus.exp
 0002:00011667       $N00010                    10065667     modbus.exp
 0002:0001167d       $N00011                    1006567d     modbus.exp
 0002:00011693       $N00012                    10065693     modbus.exp
 0002:000116ac       $N00013                    100656ac     modbus.exp
 0002:000116ca       $N00014                    100656ca     modbus.exp
 0002:000116e6       $N00015                    100656e6     modbus.exp
 0002:000116f7       $N00016                    100656f7     modbus.exp
 0002:00011709       $N00017                    10065709     modbus.exp
 0002:0001171d       $N00018                    1006571d     modbus.exp
 0002:00011730       $N00019                    10065730     modbus.exp
 0002:00011751       $N00020                    10065751     modbus.exp
 0002:0001176c       $N00021                    1006576c     modbus.exp
 0002:0001177b       $N00022                    1006577b     modbus.exp
 0002:0001178a       $N00023                    1006578a     modbus.exp
 0002:0001179c       $N00024                    1006579c     modbus.exp
 0002:000117ad       $N00025                    100657ad     modbus.exp
 0002:000117c4       $N00026                    100657c4     modbus.exp
 0002:000117e0       $N00027                    100657e0     modbus.exp
 0002:000117f6       $N00028                    100657f6     modbus.exp
 0002:00011805       $N00029                    10065805     modbus.exp
 0002:00011821       $N00030                    10065821     modbus.exp
 0002:0001182e       $N00031                    1006582e     modbus.exp
 0002:00011845       $N00032                    10065845     modbus.exp
 0002:0001185c       $N00033                    1006585c     modbus.exp
 0002:0001186f       $N00034                    1006586f     modbus.exp
 0002:00011888       $N00035                    10065888     modbus.exp
 0002:000118a3       $N00036                    100658a3     modbus.exp
 0002:000118bd       $N00037                    100658bd     modbus.exp
 0002:000118d0       $N00038                    100658d0     modbus.exp
 0002:000118e9       $N00039                    100658e9     modbus.exp
 0002:00011904       $N00040                    10065904     modbus.exp
 0002:0001191c       $N00041                    1006591c     modbus.exp
 0002:00011936       $N00042                    10065936     modbus.exp
 0002:00011951       $N00043                    10065951     modbus.exp
 0002:00011969       $N00044                    10065969     modbus.exp
 0002:0001197a       $N00045                    1006597a     modbus.exp
 0002:00011994       $N00046                    10065994     modbus.exp
 0002:000119a5       $N00047                    100659a5     modbus.exp
 0002:000119bb       $N00048                    100659bb     modbus.exp
 0002:000119d1       $N00049                    100659d1     modbus.exp
 0002:000119e7       $N00050                    100659e7     modbus.exp
 0002:000119fd       $N00051                    100659fd     modbus.exp
 0002:00011a1b       $N00052                    10065a1b     modbus.exp
 0002:00011a37       $N00053                    10065a37     modbus.exp
 0002:00011a48       $N00054                    10065a48     modbus.exp
 0002:00011a5a       $N00055                    10065a5a     modbus.exp
 0002:00011a6a       $N00056                    10065a6a     modbus.exp
 0002:00011a7c       $N00057                    10065a7c     modbus.exp
 0002:00011a8e       $N00058                    10065a8e     modbus.exp
 0002:00011aa3       $N00059                    10065aa3     modbus.exp
 0002:00011ab8       $N00060                    10065ab8     modbus.exp
 0002:00011ad8       $N00061                    10065ad8     modbus.exp
 0002:00011ae9       $N00062                    10065ae9     modbus.exp
 0002:00011afb       $N00063                    10065afb     modbus.exp
 0002:00011b11       $N00064                    10065b11     modbus.exp
 0002:00011d46       .idata$6                   10065d46     ws2_32:WS2_32.dll
 0002:00011dee       .idata$6                   10065dee     kernel32:KERNEL32.dll
 0003:00000000       $SG86500                   10067000     modbus-data.obj
 0003:00000024       $SG86501                   10067024     modbus-data.obj
 0003:0000003c       $SG88610                   1006703c     modbus-rtu.obj
 0003:0000005c       $SG88611                   1006705c     modbus-rtu.obj
 0003:00000080       $SG88705                   10067080     modbus-rtu.obj
 0003:00000098       $SG88731                   10067098     modbus-rtu.obj
 0003:000000d0       $SG88746                   100670d0     modbus-rtu.obj
 0003:000000f8       $SG88750                   100670f8     modbus-rtu.obj
 0003:0000012c       $SG88759                   1006712c     modbus-rtu.obj
 0003:00000154       $SG88767                   10067154     modbus-rtu.obj
 0003:00000184       $SG88772                   10067184     modbus-rtu.obj
 0003:000001b8       $SG88800                   100671b8     modbus-rtu.obj
 0003:000001ec       $SG88818                   100671ec     modbus-rtu.obj
 0003:00000224       $SG88830                   10067224     modbus-rtu.obj
 0003:00000254       $SG88838                   10067254     modbus-rtu.obj
 0003:00000284       $SG88847                   10067284     modbus-rtu.obj
 0003:000002b4       $SG88858                   100672b4     modbus-rtu.obj
 0003:000002e4       $SG88872                   100672e4     modbus-rtu.obj
 0003:00000314       $SG88881                   10067314     modbus-rtu.obj
 0003:00000344       $SG88893                   10067344     modbus-rtu.obj
 0003:00000374       $SG88902                   10067374     modbus-rtu.obj
 0003:000003ac       $SG88905                   100673ac     modbus-rtu.obj
 0003:000003e0       $SG88947                   100673e0     modbus-rtu.obj
 0003:000003fc       $SG88950                   100673fc     modbus-rtu.obj
 0003:00000424       $SG88125                   10067424     modbus-tcp.obj
 0003:0000043c       $SG88144                   1006743c     modbus-tcp.obj
 0003:00000460       $SG88154                   10067460     modbus-tcp.obj
 0003:00000478       $SG88238                   10067478     modbus-tcp.obj
 0003:0000047c       $SG88246                   1006747c     modbus-tcp.obj
 0003:000004a0       $SG88255                   100674a0     modbus-tcp.obj
 0003:000004a8       $SG88261                   100674a8     modbus-tcp.obj
 0003:000004b4       $SG88264                   100674b4     modbus-tcp.obj
 0003:000004bc       $SG88267                   100674bc     modbus-tcp.obj
 0003:000004c4       $SG88281                   100674c4     modbus-tcp.obj
 0003:000004f0       $SG88294                   100674f0     modbus-tcp.obj
 0003:00000514       $SG88313                   10067514     modbus-tcp.obj
 0003:00000538       $SG88363                   10067538     modbus-tcp.obj
 0003:00000550       $SG88366                   10067550     modbus-tcp.obj
 0003:00000574       $SG88394                   10067574     modbus-tcp.obj
 0003:00000590       $SG88397                   10067590     modbus-tcp.obj
 0003:000005b4       $SG88404                   100675b4     modbus-tcp.obj
 0003:000005d4       $SG88407                   100675d4     modbus-tcp.obj
 0003:000005fc       $SG87965                   100675fc     modbus-tcp.obj
 0003:00000624       $SG88055                   10067624     modbus-tcp.obj
 0003:00000658       $SG88058                   10067658     modbus-tcp.obj
 0003:00000688       $SG89149                   10067688     modbus.obj
 0003:000006b4       $SG89166                   100676b4     modbus.obj
 0003:000006e8       $SG89187                   100676e8     modbus.obj
 0003:00000718       $SG89210                   10067718     modbus.obj
 0003:00000748       $SG89224                   10067748     modbus.obj
 0003:0000077c       $SG89282                   1006777c     modbus.obj
 0003:000007a4       $SG89314                   100677a4     modbus.obj
 0003:000007dc       $SG89361                   100677dc     modbus.obj
 0003:0000080c       $SG89364                   1006780c     modbus.obj
 0003:0000083c       $SG88576                   1006783c     modbus.obj
 0003:00000850       $SG88578                   10067850     modbus.obj
 0003:00000868       $SG88580                   10067868     modbus.obj
 0003:0000087c       $SG88582                   1006787c     modbus.obj
 0003:0000089c       $SG88584                   1006789c     modbus.obj
 0003:000008a8       $SG88586                   100678a8     modbus.obj
 0003:000008c8       $SG88588                   100678c8     modbus.obj
 0003:000008e0       $SG88590                   100678e0     modbus.obj
 0003:000008f4       $SG88592                   100678f4     modbus.obj
 0003:00000910       $SG88594                   10067910     modbus.obj
 0003:00000930       $SG88596                   10067930     modbus.obj
 0003:0000093c       $SG88598                   1006793c     modbus.obj
 0003:0000094c       $SG88600                   1006794c     modbus.obj
 0003:00000964       $SG88602                   10067964     modbus.obj
 0003:00000974       $SG88604                   10067974     modbus.obj
 0003:00000998       $SG88612                   10067998     modbus.obj
 0003:000009a4       $SG88615                   100679a4     modbus.obj
 0003:000009ac       $SG88617                   100679ac     modbus.obj
 0003:000009b0       $SG88629                   100679b0     modbus.obj
 0003:000009c4       $SG88663                   100679c4     modbus.obj
 0003:000009cc       $SG88664                   100679cc     modbus.obj
 0003:000009d0       $SG88755                   100679d0     modbus.obj
 0003:000009f0       $SG88757                   100679f0     modbus.obj
 0003:00000a10       $SG88784                   10067a10     modbus.obj
 0003:00000a18       $SG88792                   10067a18     modbus.obj
 0003:00000a20       $SG88801                   10067a20     modbus.obj
 0003:00000a28       $SG88812                   10067a28     modbus.obj
 0003:00000a38       $SG88817                   10067a38     modbus.obj
 0003:00000a3c       $SG88887                   10067a3c     modbus.obj
 0003:00000a78       $SG88866                   10067a78     modbus.obj
 0003:00000abc       $SG88964                   10067abc     modbus.obj
 0003:00000acc       $SG88965                   10067acc     modbus.obj
 0003:00000ad8       $SG88891                   10067ad8     modbus.obj
 0003:00000b1c       $SG88970                   10067b1c     modbus.obj
 0003:00000b44       $SG88974                   10067b44     modbus.obj
 0003:00000b68       $SG88982                   10067b68     modbus.obj
 0003:00000b80       $SG88983                   10067b80     modbus.obj
 0003:00000b90       $SG88988                   10067b90     modbus.obj
 0003:00000bb8       $SG88992                   10067bb8     modbus.obj
 0003:00000bdc       $SG89002                   10067bdc     modbus.obj
 0003:00000c08       $SG89008                   10067c08     modbus.obj
 0003:00000c48       $SG89013                   10067c48     modbus.obj
 0003:00000c78       $SG89022                   10067c78     modbus.obj
 0003:00000cac       $SG89026                   10067cac     modbus.obj
 0003:00000cd8       $SG89034                   10067cd8     modbus.obj
 0003:00000d14       $SG89038                   10067d14     modbus.obj
 0003:00000d44       $SG89048                   10067d44     modbus.obj
 0003:00000d50       $SG89051                   10067d50     modbus.obj
 0003:00000d68       $SG89056                   10067d68     modbus.obj
 0003:00000d98       $SG89070                   10067d98     modbus.obj
 0003:00000de8       $SG89074                   10067de8     modbus.obj
 0003:00000e3c       $SG89085                   10067e3c     modbus.obj
 0003:00000e68       __assertstring             10067e68     LIBCMTD:wassert.obj
 0003:00000eb8       _dotdotdot                 10067eb8     LIBCMTD:wassert.obj
 0003:00000ebc       _newline                   10067ebc     LIBCMTD:wassert.obj
 0003:00000ec0       _dblnewline                10067ec0     LIBCMTD:wassert.obj
 0003:00001150       _errtable                  10068150     LIBCMTD:dosmap.obj
 0003:000012b8       _ErrnoNoMem                100682b8     LIBCMTD:dosmap.obj
 0003:000012bc       _DoserrorNoMem             100682bc     LIBCMTD:dosmap.obj
 0003:00001308       __locktable                10068308     LIBCMTD:mlock.obj
 0003:00001434       __lRequestCurr             10068434     LIBCMTD:dbgheap.obj
 0003:00001438       __bNoMansLandFill          10068438     LIBCMTD:dbgheap.obj
 0003:00001439       __bAlignLandFill           10068439     LIBCMTD:dbgheap.obj
 0003:0000143a       __bDeadLandFill            1006843a     LIBCMTD:dbgheap.obj
 0003:0000143b       __bCleanLandFill           1006843b     LIBCMTD:dbgheap.obj
 0003:0000143c       _dotdotdot                 1006843c     LIBCMTD:dbgrptw.obj
 0003:000014a4       ?isPackaged@?1??__crtIsPackagedApp@@9@9 100684a4     LIBCMTD:winapisupp.obj
 0003:000018d0       ___rgctypeflag             100688d0     LIBCMTD:mbctype.obj
 0003:000018d8       ___rgcode_page_info        100688d8     LIBCMTD:mbctype.obj
 0003:000019d0       _dotdotdot                 100689d0     LIBCMTD:dbgrpt.obj
 0003:00001c8c       __ctype_loc_style          10068c8c     LIBCMTD:wsetloca.obj
 0003:00001c90       _DoubleFormat              10068c90     LIBCMTD:intrncvt.obj
 0003:00001ca8       _FloatFormat               10068ca8     LIBCMTD:intrncvt.obj
 0003:00001fac       _over                      10068fac     LIBCMTD:fpctrl.obj
 0003:00001fb8       _under                     10068fb8     LIBCMTD:fpctrl.obj
 0003:00001fc4       ?__DAZ_ENABLED@?1??__set_fpsr_sse2@@9@9 10068fc4     LIBCMTD:fpctrl.obj
 0003:00002140       ?init@?1??_RTC_InitBase@@9@4_NA 10069140     LIBCMTD:init.obj
 0003:0000214c       ___enable_percent_n        1006914c     LIBCMTD:printf.obj
 0003:00002158       _GS_ExceptionRecord        10069158     LIBCMTD:gs_report.obj
 0003:000021a8       _GS_ContextRecord          100691a8     LIBCMTD:gs_report.obj
 0003:00002474       _DebuggerWasPresent        10069474     LIBCMTD:gs_report.obj
 0003:00002478       ___proc_attached           10069478     LIBCMTD:dllcrt0.obj
 0003:000024c0       _ctrlc_action              100694c0     LIBCMTD:winsig.obj
 0003:000024c4       _ctrlbreak_action          100694c4     LIBCMTD:winsig.obj
 0003:000024c8       _abort_action              100694c8     LIBCMTD:winsig.obj
 0003:000024cc       _term_action               100694cc     LIBCMTD:winsig.obj
 0003:000024d0       _ConsoleCtrlHandler_Installed 100694d0     LIBCMTD:winsig.obj
 0003:000024d4       ?pfnGetLastActivePopup@?1??__crtMessageBoxW@@9@9 100694d4     LIBCMTD:crtmboxw.obj
 0003:000024d8       ?pfnGetProcessWindowStation@?1??__crtMessageBoxW@@9@9 100694d8     LIBCMTD:crtmboxw.obj
 0003:000024dc       ?pfnGetUserObjectInformation@?1??__crtMessageBoxW@@9@9 100694dc     LIBCMTD:crtmboxw.obj
 0003:000024e0       ?pfnMessageBox@?1??__crtMessageBoxW@@9@9 100694e0     LIBCMTD:crtmboxw.obj
 0003:000024e4       ?pfnGetActiveWindow@?1??__crtMessageBoxW@@9@9 100694e4     LIBCMTD:crtmboxw.obj
 0003:000024f0       ?outmsg@?M@??_NMSG_WRITE@@9@9 100694f0     LIBCMTD:crt0msg.obj
 0003:00002b18       __RTC_ErrorReportFunc      10069b18     LIBCMTD:userapi.obj
 0003:00002b1c       __RTC_ErrorReportFuncW     10069b1c     LIBCMTD:userapi.obj
 0003:00002b20       _lclcritsects              10069b20     LIBCMTD:mlock.obj
 0003:00002c8c       _check_frequency           10069c8c     LIBCMTD:dbgheap.obj
 0003:00002c94       _check_counter             10069c94     LIBCMTD:dbgheap.obj
 0003:00002c98       __lTotalAlloc              10069c98     LIBCMTD:dbgheap.obj
 0003:00002c9c       __lCurAlloc                10069c9c     LIBCMTD:dbgheap.obj
 0003:00002ca0       __lMaxAlloc                10069ca0     LIBCMTD:dbgheap.obj
 0003:00002ca4       __pFirstBlock              10069ca4     LIBCMTD:dbgheap.obj
 0003:00002ca8       __pLastBlock               10069ca8     LIBCMTD:dbgheap.obj
 0003:00002dc4       _mspdb                     10069dc4     LIBCMTD:pdblkup.obj
 0003:00002dc8       ?alreadyTried@?1??GetPdbDll@@YAPAUHINSTANCE__@@XZ@4_NA 10069dc8     LIBCMTD:pdblkup.obj
 0003:00002dc9       ?PDBOK@?BM@??_RTC_GetSrcLine@@YAHPAEPA_WKPAH1K@Z@4_NA 10069dc9     LIBCMTD:pdblkup.obj
 0003:00002dd0       ?_pgmname@?1??_setargv@@9@9 10069dd0     LIBCMTD:stdargv.obj
 0003:00002ee4       _g_pfnRtlGenRandom         10069ee4     LIBCMTD:rand_s.obj
 0003:00002f00       _fSystemSet                10069f00     LIBCMTD:mbctype.obj
 0003:00002f08       ___crtCallProc             10069f08     LIBCMTD:winapinls.obj
 0003:00002f1c       ___type_info_root_node     10069f1c     LIBCMTD:typname.obj
 0003:00002f4c       _heap                      10069f4c     LIBCMTD:undname.obj
 0003:00002f60       ?buf@?1??dbGetString@DName@@QBEPADXZ@4PADA 10069f60     LIBCMTD:undname.obj
 0004:000000a0       $R000000                   1006c0a0     modbus.res
 0004:00000310       $R000270                   1006c310     modbus.res
